Archive member included to satisfy reference by file (symbol)

C:/Users/paola/.pico-sdk/toolchain/13_3_Rel1/bin/../lib/gcc/arm-none-eabi/13.3.1/thumb/v6-m/nofp\libgcc.a(_dvmd_tls.o)
                              CMakeFiles/JogoMemoria.dir/C_/Users/paola/.pico-sdk/sdk/2.1.0/src/rp2_common/pico_divider/divider_hardware.S.obj (__aeabi_idiv0)
C:/Users/paola/.pico-sdk/toolchain/13_3_Rel1/bin/../lib/gcc/arm-none-eabi/13.3.1/thumb/v6-m/nofp\libg.a(libc_a-calloc.o)
                              CMakeFiles/JogoMemoria.dir/C_/Users/paola/.pico-sdk/sdk/2.1.0/src/rp2_common/pico_malloc/malloc.c.obj (calloc)
C:/Users/paola/.pico-sdk/toolchain/13_3_Rel1/bin/../lib/gcc/arm-none-eabi/13.3.1/thumb/v6-m/nofp\libg.a(libc_a-callocr.o)
                              C:/Users/paola/.pico-sdk/toolchain/13_3_Rel1/bin/../lib/gcc/arm-none-eabi/13.3.1/thumb/v6-m/nofp\libg.a(libc_a-calloc.o) (_calloc_r)
C:/Users/paola/.pico-sdk/toolchain/13_3_Rel1/bin/../lib/gcc/arm-none-eabi/13.3.1/thumb/v6-m/nofp\libg.a(libc_a-malloc.o)
                              CMakeFiles/JogoMemoria.dir/C_/Users/paola/.pico-sdk/sdk/2.1.0/src/rp2_common/pico_malloc/malloc.c.obj (malloc)
C:/Users/paola/.pico-sdk/toolchain/13_3_Rel1/bin/../lib/gcc/arm-none-eabi/13.3.1/thumb/v6-m/nofp\libg.a(libc_a-mallocr.o)
                              C:/Users/paola/.pico-sdk/toolchain/13_3_Rel1/bin/../lib/gcc/arm-none-eabi/13.3.1/thumb/v6-m/nofp\libg.a(libc_a-callocr.o) (_malloc_r)
C:/Users/paola/.pico-sdk/toolchain/13_3_Rel1/bin/../lib/gcc/arm-none-eabi/13.3.1/thumb/v6-m/nofp\libg.a(libc_a-mlock.o)
                              C:/Users/paola/.pico-sdk/toolchain/13_3_Rel1/bin/../lib/gcc/arm-none-eabi/13.3.1/thumb/v6-m/nofp\libg.a(libc_a-mallocr.o) (__malloc_lock)
C:/Users/paola/.pico-sdk/toolchain/13_3_Rel1/bin/../lib/gcc/arm-none-eabi/13.3.1/thumb/v6-m/nofp\libg.a(libc_a-rand.o)
                              CMakeFiles/JogoMemoria.dir/JogoMemoria.c.obj (rand)
C:/Users/paola/.pico-sdk/toolchain/13_3_Rel1/bin/../lib/gcc/arm-none-eabi/13.3.1/thumb/v6-m/nofp\libg.a(libc_a-realloc.o)
                              CMakeFiles/JogoMemoria.dir/C_/Users/paola/.pico-sdk/sdk/2.1.0/src/rp2_common/pico_malloc/malloc.c.obj (realloc)
C:/Users/paola/.pico-sdk/toolchain/13_3_Rel1/bin/../lib/gcc/arm-none-eabi/13.3.1/thumb/v6-m/nofp\libg.a(libc_a-reallocr.o)
                              C:/Users/paola/.pico-sdk/toolchain/13_3_Rel1/bin/../lib/gcc/arm-none-eabi/13.3.1/thumb/v6-m/nofp\libg.a(libc_a-realloc.o) (_realloc_r)
C:/Users/paola/.pico-sdk/toolchain/13_3_Rel1/bin/../lib/gcc/arm-none-eabi/13.3.1/thumb/v6-m/nofp\libg.a(libc_a-memcmp.o)
                              CMakeFiles/JogoMemoria.dir/C_/Users/paola/.pico-sdk/sdk/2.1.0/src/rp2_common/pico_atomic/atomic.c.obj (memcmp)
C:/Users/paola/.pico-sdk/toolchain/13_3_Rel1/bin/../lib/gcc/arm-none-eabi/13.3.1/thumb/v6-m/nofp\libg.a(libc_a-memmove.o)
                              C:/Users/paola/.pico-sdk/toolchain/13_3_Rel1/bin/../lib/gcc/arm-none-eabi/13.3.1/thumb/v6-m/nofp\libg.a(libc_a-reallocr.o) (memmove)
C:/Users/paola/.pico-sdk/toolchain/13_3_Rel1/bin/../lib/gcc/arm-none-eabi/13.3.1/thumb/v6-m/nofp\libg.a(libc_a-lcltime_r.o)
                              CMakeFiles/JogoMemoria.dir/C_/Users/paola/.pico-sdk/sdk/2.1.0/src/common/pico_util/datetime.c.obj (localtime_r)
C:/Users/paola/.pico-sdk/toolchain/13_3_Rel1/bin/../lib/gcc/arm-none-eabi/13.3.1/thumb/v6-m/nofp\libg.a(libc_a-mktime.o)
                              CMakeFiles/JogoMemoria.dir/C_/Users/paola/.pico-sdk/sdk/2.1.0/src/common/pico_util/datetime.c.obj (mktime)
C:/Users/paola/.pico-sdk/toolchain/13_3_Rel1/bin/../lib/gcc/arm-none-eabi/13.3.1/thumb/v6-m/nofp\libg.a(libc_a-month_lengths.o)
                              C:/Users/paola/.pico-sdk/toolchain/13_3_Rel1/bin/../lib/gcc/arm-none-eabi/13.3.1/thumb/v6-m/nofp\libg.a(libc_a-lcltime_r.o) (__month_lengths)
C:/Users/paola/.pico-sdk/toolchain/13_3_Rel1/bin/../lib/gcc/arm-none-eabi/13.3.1/thumb/v6-m/nofp\libg.a(libc_a-tzcalc_limits.o)
                              C:/Users/paola/.pico-sdk/toolchain/13_3_Rel1/bin/../lib/gcc/arm-none-eabi/13.3.1/thumb/v6-m/nofp\libg.a(libc_a-lcltime_r.o) (__tzcalc_limits)
C:/Users/paola/.pico-sdk/toolchain/13_3_Rel1/bin/../lib/gcc/arm-none-eabi/13.3.1/thumb/v6-m/nofp\libg.a(libc_a-tzlock.o)
                              C:/Users/paola/.pico-sdk/toolchain/13_3_Rel1/bin/../lib/gcc/arm-none-eabi/13.3.1/thumb/v6-m/nofp\libg.a(libc_a-lcltime_r.o) (__tz_lock)
C:/Users/paola/.pico-sdk/toolchain/13_3_Rel1/bin/../lib/gcc/arm-none-eabi/13.3.1/thumb/v6-m/nofp\libg.a(libc_a-tzset.o)
                              C:/Users/paola/.pico-sdk/toolchain/13_3_Rel1/bin/../lib/gcc/arm-none-eabi/13.3.1/thumb/v6-m/nofp\libg.a(libc_a-lcltime_r.o) (_tzset_unlocked)
C:/Users/paola/.pico-sdk/toolchain/13_3_Rel1/bin/../lib/gcc/arm-none-eabi/13.3.1/thumb/v6-m/nofp\libg.a(libc_a-tzset_r.o)
[...]
Memory Configuration

Name             Origin             Length             Attributes
FLASH            0x10000000         0x00200000         xr
RAM              0x20000000         0x00040000         xrw
SCRATCH_X        0x20040000         0x00001000         xrw
SCRATCH_Y        0x20041000         0x00001000         xrw
*default*        0x00000000         0xffffffff

Linker script and memory map

LOAD C:/Users/paola/.pico-sdk/toolchain/13_3_Rel1/bin/../lib/gcc/arm-none-eabi/13.3.1/thumb/v6-m/nofp/crti.o
LOAD C:/Users/paola/.pico-sdk/toolchain/13_3_Rel1/bin/../lib/gcc/arm-none-eabi/13.3.1/thumb/v6-m/nofp/crtbegin.o
LOAD C:/Users/paola/.pico-sdk/toolchain/13_3_Rel1/bin/../lib/gcc/arm-none-eabi/13.3.1/thumb/v6-m/nofp/crt0.o

.flash_begin    0x10000000        0x0
                0x10000000                        __flash_binary_start = .

.boot2          0x10000000      0x100
                0x10000000                        __boot2_start__ = .
 *(.boot2)
 .boot2         0x10000000      0x100 pico-sdk/src/rp2040/boot_stage2/CMakeFiles/bs2_default_library.dir/./bs2_default_padded_checksummed.S.obj
                0x10000100                        __boot2_end__ = .
                0x00000001                        ASSERT (((__boot2_end__ - __boot2_start__) == 0x100), ERROR: Pico second stage bootloader must be 256 bytes in size)

.text           0x10000100     0x5ac8
                0x10000100                        __logical_binary_start = .
 *(.vectors)
 .vectors       0x10000100       0xd4 CMakeFiles/JogoMemoria.dir/C_/Users/paola/.pico-sdk/sdk/2.1.0/src/rp2_common/pico_crt0/crt0.S.obj
                0x10000100                __VECTOR_TABLE
                0x10000100                __vectors
                0x100001c0                isr_invalid
                0x100001c0                __default_isrs_start
                0x100001c2                isr_nmi
                0x100001c4                isr_hardfault
                0x100001c6                isr_svcall
                0x100001c8                isr_pendsv
                0x100001ca                isr_systick
                0x100001cc                isr_irq23
                0x100001cc                isr_irq18
                0x100001cc                isr_irq11
                0x100001cc                isr_irq28
                0x100001cc                isr_irq19
                0x100001cc                isr_irq0
                0x100001cc                isr_irq6
                0x100001cc                isr_irq5
                0x100001cc                isr_irq12
                0x100001cc                isr_irq22
                0x100001cc                isr_irq31
                0x100001cc                isr_irq17
                0x100001cc                isr_irq27
                0x100001cc                isr_irq30
                0x100001cc                isr_irq2
                0x100001cc                isr_irq10
                0x100001cc                isr_irq8
                0x100001cc                isr_irq24
                0x100001cc                isr_irq1
                0x100001cc                isr_irq7
                0x100001cc                isr_irq21
                0x100001cc                isr_irq20
                0x100001cc                isr_irq15
                0x100001cc                isr_irq25
                0x100001cc                isr_irq13
                0x100001cc                __unhandled_user_irq
                0x100001cc                isr_irq4
                0x100001cc                isr_irq16
                0x100001cc                isr_irq29
                0x100001cc                isr_irq26
                0x100001cc                __default_isrs_end
                0x100001cc                isr_irq3
                0x100001cc                isr_irq14
                0x100001cc                isr_irq9
                0x100001d2                unhandled_user_irq_num_in_r0
 *(.binary_info_header)
 .binary_info_header
                0x100001d4       0x14 CMakeFiles/JogoMemoria.dir/C_/Users/paola/.pico-sdk/sdk/2.1.0/src/rp2_common/pico_crt0/crt0.S.obj
                0x100001e8                        __binary_info_header_end = .
 *(.embedded_block)
                0x100001e8                        __embedded_block_end = .
 *(.reset)
 .reset         0x100001e8       0x9c CMakeFiles/JogoMemoria.dir/C_/Users/paola/.pico-sdk/sdk/2.1.0/src/rp2_common/pico_crt0/crt0.S.obj
                0x100001e8                _entry_point
 *(.init)
 .init          0x10000284        0x4 C:/Users/paola/.pico-sdk/toolchain/13_3_Rel1/bin/../lib/gcc/arm-none-eabi/13.3.1/thumb/v6-m/nofp/crti.o
                0x10000284                _init
 *(EXCLUDE_FILE(*libm.a: *libc.a:*lib_a-mem*.o *libgcc.a:) .text*)
 .text.register_tm_clones
                0x10000288       0x28 C:/Users/paola/.pico-sdk/toolchain/13_3_Rel1/bin/../lib/gcc/arm-none-eabi/13.3.1/thumb/v6-m/nofp/crtbegin.o
 .text.frame_dummy
                0x100002b0       0x24 C:/Users/paola/.pico-sdk/toolchain/13_3_Rel1/bin/../lib/gcc/arm-none-eabi/13.3.1/thumb/v6-m/nofp/crtbegin.o
 .text.adc_gpio_init
                0x100002d4       0x20 CMakeFiles/JogoMemoria.dir/JogoMemoria.c.obj
 .text.show_sequence
                0x100002f4      0x108 CMakeFiles/JogoMemoria.dir/JogoMemoria.c.obj
                0x100002f4                show_sequence
 .text.startup.main
                0x100003fc      0x8a8 CMakeFiles/JogoMemoria.dir/JogoMemoria.c.obj
                0x100003fc                main
 .text.ssd1306_init
                0x10000ca4       0x34 CMakeFiles/JogoMemoria.dir/lib/ssd1306.c.obj
                0x10000ca4                ssd1306_init
 .text.ssd1306_send_data
                0x10000cd8       0x8c CMakeFiles/JogoMemoria.dir/lib/ssd1306.c.obj
                0x10000cd8                ssd1306_send_data
 .text.ssd1306_fill
                0x10000d64       0x80 CMakeFiles/JogoMemoria.dir/lib/ssd1306.c.obj
                0x10000d64                ssd1306_fill
 .text.ssd1306_draw_char
                0x10000de4      0x660 CMakeFiles/JogoMemoria.dir/lib/ssd1306.c.obj
                0x10000de4                ssd1306_draw_char
 .text.ssd1306_draw_string
                0x10001444       0x40 CMakeFiles/JogoMemoria.dir/lib/ssd1306.c.obj
                0x10001444                ssd1306_draw_string
 .text.gpio_set_function
                0x10001484       0x34 CMakeFiles/JogoMemoria.dir/C_/Users/paola/.pico-sdk/sdk/2.1.0/src/rp2_common/hardware_gpio/gpio.c.obj
                0x10001484                gpio_set_function
 .text.gpio_set_pulls
                0x100014b8       0x28 CMakeFiles/JogoMemoria.dir/C_/Users/paola/.pico-sdk/sdk/2.1.0/src/rp2_common/hardware_gpio/gpio.c.obj
                0x100014b8                gpio_set_pulls
 .text.gpio_set_input_enabled
                0x100014e0       0x28 CMakeFiles/JogoMemoria.dir/C_/Users/paola/.pico-sdk/sdk/2.1.0/src/rp2_common/hardware_gpio/gpio.c.obj
                0x100014e0                gpio_set_input_enabled
 .text.gpio_init
                0x10001508       0x40 CMakeFiles/JogoMemoria.dir/C_/Users/paola/.pico-sdk/sdk/2.1.0/src/rp2_common/hardware_gpio/gpio.c.obj
                0x10001508                gpio_init
 .text.panic    0x10001548       0x30 CMakeFiles/JogoMemoria.dir/C_/Users/paola/.pico-sdk/sdk/2.1.0/src/rp2_common/pico_platform_panic/panic.c.obj
                0x10001548                panic
 .text.hw_claim_lock
                0x10001578       0x18 CMakeFiles/JogoMemoria.dir/C_/Users/paola/.pico-sdk/sdk/2.1.0/src/common/hardware_claim/claim.c.obj
                0x10001578                hw_claim_lock
 .text.hw_claim_unlock
                0x10001590       0x14 CMakeFiles/JogoMemoria.dir/C_/Users/paola/.pico-sdk/sdk/2.1.0/src/common/hardware_claim/claim.c.obj
                0x10001590                hw_claim_unlock
 .text.hw_claim_or_assert
                0x100015a4       0x44 CMakeFiles/JogoMemoria.dir/C_/Users/paola/.pico-sdk/sdk/2.1.0/src/common/hardware_claim/claim.c.obj
                0x100015a4                hw_claim_or_assert
 .text.next_striped_spin_lock_num
                0x100015e8       0x18 CMakeFiles/JogoMemoria.dir/C_/Users/paola/.pico-sdk/sdk/2.1.0/src/rp2_common/hardware_sync/sync.c.obj
                0x100015e8                next_striped_spin_lock_num
 .text.spin_locks_reset
                0x10001600       0x1c CMakeFiles/JogoMemoria.dir/C_/Users/paola/.pico-sdk/sdk/2.1.0/src/rp2_common/hardware_sync_spin_lock/sync_spin_lock.c.obj
                0x10001600                spin_locks_reset
 .text.runtime_init_per_core_irq_priorities
                0x1000161c       0x24 CMakeFiles/JogoMemoria.dir/C_/Users/paola/.pico-sdk/sdk/2.1.0/src/rp2_common/hardware_irq/irq.c.obj
                0x1000161c                runtime_init_per_core_irq_priorities
 .text.irq_set_enabled
                0x10001640       0x24 CMakeFiles/JogoMemoria.dir/C_/Users/paola/.pico-sdk/sdk/2.1.0/src/rp2_common/hardware_irq/irq.c.obj
                0x10001640                irq_set_enabled
 .text.irq_set_exclusive_handler
                0x10001664       0x54 CMakeFiles/JogoMemoria.dir/C_/Users/paola/.pico-sdk/sdk/2.1.0/src/rp2_common/hardware_irq/irq.c.obj
                0x10001664                irq_set_exclusive_handler
 .text.irq_remove_handler
                0x100016b8      0x1d4 CMakeFiles/JogoMemoria.dir/C_/Users/paola/.pico-sdk/sdk/2.1.0/src/rp2_common/hardware_irq/irq.c.obj
                0x100016b8                irq_remove_handler
 .text.irq_add_tail_to_free_list
                0x1000188c       0xb4 CMakeFiles/JogoMemoria.dir/C_/Users/paola/.pico-sdk/sdk/2.1.0/src/rp2_common/hardware_irq/irq.c.obj
                0x1000188c                irq_add_tail_to_free_list
 .text.lock_init
                0x10001940       0x10 CMakeFiles/JogoMemoria.dir/C_/Users/paola/.pico-sdk/sdk/2.1.0/src/common/pico_sync/lock_core.c.obj
                0x10001940                lock_init
 .text.runtime_init_mutex
                0x10001950       0x50 CMakeFiles/JogoMemoria.dir/C_/Users/paola/.pico-sdk/sdk/2.1.0/src/common/pico_sync/mutex.c.obj
                0x10001950                runtime_init_mutex
 .text.sleep_until_callback
                0x100019a0       0x30 CMakeFiles/JogoMemoria.dir/C_/Users/paola/.pico-sdk/sdk/2.1.0/src/common/pico_time/time.c.obj
 .text.alarm_pool_irq_handler
                0x100019d0      0x2fc CMakeFiles/JogoMemoria.dir/C_/Users/paola/.pico-sdk/sdk/2.1.0/src/common/pico_time/time.c.obj
 .text.runtime_init_default_alarm_pool
                0x10001ccc       0xdc CMakeFiles/JogoMemoria.dir/C_/Users/paola/.pico-sdk/sdk/2.1.0/src/common/pico_time/time.c.obj
                0x10001ccc                runtime_init_default_alarm_pool
 .text.alarm_pool_add_alarm_at_force_in_context
                0x10001da8       0xb0 CMakeFiles/JogoMemoria.dir/C_/Users/paola/.pico-sdk/sdk/2.1.0/src/common/pico_time/time.c.obj
                0x10001da8                alarm_pool_add_alarm_at_force_in_context
 .text.alarm_pool_cancel_alarm
                0x10001e58       0x74 CMakeFiles/JogoMemoria.dir/C_/Users/paola/.pico-sdk/sdk/2.1.0/src/common/pico_time/time.c.obj
                0x10001e58                alarm_pool_cancel_alarm
 .text.sleep_until
                0x10001ecc       0xd8 CMakeFiles/JogoMemoria.dir/C_/Users/paola/.pico-sdk/sdk/2.1.0/src/common/pico_time/time.c.obj
                0x10001ecc                sleep_until
 .text.sleep_ms
                0x10001fa4       0x38 CMakeFiles/JogoMemoria.dir/C_/Users/paola/.pico-sdk/sdk/2.1.0/src/common/pico_time/time.c.obj
                0x10001fa4                sleep_ms
 .text.best_effort_wfe_or_timeout
                0x10001fdc       0xe0 CMakeFiles/JogoMemoria.dir/C_/Users/paola/.pico-sdk/sdk/2.1.0/src/common/pico_time/time.c.obj
                0x10001fdc                best_effort_wfe_or_timeout
 .text.timer_hardware_alarm_claim
                0x100020bc       0x14 CMakeFiles/JogoMemoria.dir/C_/Users/paola/.pico-sdk/sdk/2.1.0/src/rp2_common/hardware_timer/timer.c.obj
                0x100020bc                timer_hardware_alarm_claim
 .text.timer_time_us_64
                0x100020d0       0x10 CMakeFiles/JogoMemoria.dir/C_/Users/paola/.pico-sdk/sdk/2.1.0/src/rp2_common/hardware_timer/timer.c.obj
                0x100020d0                timer_time_us_64
 .text.time_us_64
                0x100020e0       0x14 CMakeFiles/JogoMemoria.dir/C_/Users/paola/.pico-sdk/sdk/2.1.0/src/rp2_common/hardware_timer/timer.c.obj
                0x100020e0                time_us_64
 .text.busy_wait_us
                0x100020f4       0x68 CMakeFiles/JogoMemoria.dir/C_/Users/paola/.pico-sdk/sdk/2.1.0/src/rp2_common/hardware_timer/timer.c.obj
                0x100020f4                busy_wait_us
 .text.busy_wait_until
                0x1000215c       0x20 CMakeFiles/JogoMemoria.dir/C_/Users/paola/.pico-sdk/sdk/2.1.0/src/rp2_common/hardware_timer/timer.c.obj
                0x1000215c                busy_wait_until
 .text.uart_init
                0x1000217c      0x120 CMakeFiles/JogoMemoria.dir/C_/Users/paola/.pico-sdk/sdk/2.1.0/src/rp2_common/hardware_uart/uart.c.obj
                0x1000217c                uart_init
 .text.clock_configure_int_divider
                0x1000229c       0xf4 CMakeFiles/JogoMemoria.dir/C_/Users/paola/.pico-sdk/sdk/2.1.0/src/rp2_common/hardware_clocks/clocks.c.obj
                0x1000229c                clock_configure_int_divider
 .text.clock_configure_undivided
                0x10002390       0xe8 CMakeFiles/JogoMemoria.dir/C_/Users/paola/.pico-sdk/sdk/2.1.0/src/rp2_common/hardware_clocks/clocks.c.obj
                0x10002390                clock_configure_undivided
 .text.clock_get_hz
                0x10002478        0xc CMakeFiles/JogoMemoria.dir/C_/Users/paola/.pico-sdk/sdk/2.1.0/src/rp2_common/hardware_clocks/clocks.c.obj
                0x10002478                clock_get_hz
 .text.pll_init
                0x10002484       0xa4 CMakeFiles/JogoMemoria.dir/C_/Users/paola/.pico-sdk/sdk/2.1.0/src/rp2_common/hardware_pll/pll.c.obj
                0x10002484                pll_init
 .text.tick_start
                0x10002528       0x10 CMakeFiles/JogoMemoria.dir/C_/Users/paola/.pico-sdk/sdk/2.1.0/src/rp2_common/hardware_ticks/ticks.c.obj
                0x10002528                tick_start
 .text.rom_func_lookup
                0x10002538       0x10 CMakeFiles/JogoMemoria.dir/C_/Users/paola/.pico-sdk/sdk/2.1.0/src/rp2_common/pico_bootrom/bootrom.c.obj
                0x10002538                rom_func_lookup
 .text.rom_data_lookup
                0x10002548       0x10 CMakeFiles/JogoMemoria.dir/C_/Users/paola/.pico-sdk/sdk/2.1.0/src/rp2_common/pico_bootrom/bootrom.c.obj
                0x10002548                rom_data_lookup
 .text.rom_funcs_lookup
                0x10002558       0x44 CMakeFiles/JogoMemoria.dir/C_/Users/paola/.pico-sdk/sdk/2.1.0/src/rp2_common/pico_bootrom/bootrom.c.obj
                0x10002558                rom_funcs_lookup
 .text.xosc_init
                0x1000259c       0x28 CMakeFiles/JogoMemoria.dir/C_/Users/paola/.pico-sdk/sdk/2.1.0/src/rp2_common/hardware_xosc/xosc.c.obj
                0x1000259c                xosc_init
 .text.first_per_core_initializer
                0x100025c4        0x4 CMakeFiles/JogoMemoria.dir/C_/Users/paola/.pico-sdk/sdk/2.1.0/src/rp2_common/pico_runtime/runtime.c.obj
 .text.hard_assertion_failure
                0x100025c8        0xc CMakeFiles/JogoMemoria.dir/C_/Users/paola/.pico-sdk/sdk/2.1.0/src/rp2_common/pico_runtime/runtime.c.obj
                0x100025c8                hard_assertion_failure
 .text.runtime_run_initializers
                0x100025d4       0x28 CMakeFiles/JogoMemoria.dir/C_/Users/paola/.pico-sdk/sdk/2.1.0/src/rp2_common/pico_runtime/runtime.c.obj
                0x100025d4                runtime_run_initializers
 .text.runtime_init_early_resets
                0x100025fc       0x2c CMakeFiles/JogoMemoria.dir/C_/Users/paola/.pico-sdk/sdk/2.1.0/src/rp2_common/pico_runtime_init/runtime_init.c.obj
                0x100025fc                runtime_init_early_resets
 .text.runtime_init_usb_power_down
                0x10002628       0x1c CMakeFiles/JogoMemoria.dir/C_/Users/paola/.pico-sdk/sdk/2.1.0/src/rp2_common/pico_runtime_init/runtime_init.c.obj
                0x10002628                runtime_init_usb_power_down
 .text.runtime_init_post_clock_resets
                0x10002644       0x20 CMakeFiles/JogoMemoria.dir/C_/Users/paola/.pico-sdk/sdk/2.1.0/src/rp2_common/pico_runtime_init/runtime_init.c.obj
                0x10002644                runtime_init_post_clock_resets
 .text.runtime_init_rp2040_gpio_ie_disable
                0x10002664       0x14 CMakeFiles/JogoMemoria.dir/C_/Users/paola/.pico-sdk/sdk/2.1.0/src/rp2_common/pico_runtime_init/runtime_init.c.obj
                0x10002664                runtime_init_rp2040_gpio_ie_disable
 .text.runtime_init_spin_locks_reset
                0x10002678        0x8 CMakeFiles/JogoMemoria.dir/C_/Users/paola/.pico-sdk/sdk/2.1.0/src/rp2_common/pico_runtime_init/runtime_init.c.obj
                0x10002678                runtime_init_spin_locks_reset
 .text.runtime_init_install_ram_vector_table
                0x10002680       0x1c CMakeFiles/JogoMemoria.dir/C_/Users/paola/.pico-sdk/sdk/2.1.0/src/rp2_common/pico_runtime_init/runtime_init.c.obj
                0x10002680                runtime_init_install_ram_vector_table
 .text.runtime_init_clocks
                0x1000269c       0xd8 CMakeFiles/JogoMemoria.dir/C_/Users/paola/.pico-sdk/sdk/2.1.0/src/rp2_common/pico_runtime_init/runtime_init_clocks.c.obj
                0x1000269c                runtime_init_clocks
 .text          0x10002774       0x10 CMakeFiles/JogoMemoria.dir/C_/Users/paola/.pico-sdk/sdk/2.1.0/src/rp2_common/pico_bit_ops/bit_ops_aeabi.S.obj
 .text.__wrap___aeabi_idiv
                0x10002784       0x50 CMakeFiles/JogoMemoria.dir/C_/Users/paola/.pico-sdk/sdk/2.1.0/src/rp2_common/pico_divider/divider_hardware.S.obj
                0x10002784                __wrap___aeabi_idivmod
                0x10002784                divmod_s32s32
                0x10002784                div_s32s32
                0x10002784                __wrap___aeabi_idiv
                0x1000278c                divmod_s32s32_unsafe
                0x100027b8                divmod_s32s32_savestate
 .text.__wrap___aeabi_uidiv
                0x100027d4       0x4c CMakeFiles/JogoMemoria.dir/C_/Users/paola/.pico-sdk/sdk/2.1.0/src/rp2_common/pico_divider/divider_hardware.S.obj
                0x100027d4                __wrap___aeabi_uidiv
                0x100027d4                __wrap___aeabi_uidivmod
                0x100027d4                div_u32u32
                0x100027d4                divmod_u32u32
                0x100027dc                divmod_u32u32_unsafe
                0x10002804                divmod_u32u32_savestate
 .text.__wrap___aeabi_ldiv
                0x10002820      0x424 CMakeFiles/JogoMemoria.dir/C_/Users/paola/.pico-sdk/sdk/2.1.0/src/rp2_common/pico_divider/divider_hardware.S.obj
                0x10002820                div_s64s64
                0x10002820                divmod_s64s64
                0x10002820                __wrap___aeabi_ldivmod
                0x10002850                divmod_u64u64
                0x10002850                div_u64u64
                0x10002850                __wrap___aeabi_uldivmod
                0x10002860                divmod_u64u64_savestate
                0x10002880                divmod_s64s64_unsafe
                0x10002908                divmod_u64u64_unsafe
 .text.__wrap___aeabi_darithmetic
                0x10002c44       0x60 CMakeFiles/JogoMemoria.dir/C_/Users/paola/.pico-sdk/sdk/2.1.0/src/rp2_common/pico_double/double_aeabi_rp2040.S.obj
                0x10002c44                __wrap___aeabi_drsub
                0x10002c4a                __wrap___aeabi_dsub
                0x10002c54                __wrap___aeabi_dadd
                0x10002c5e                __wrap___aeabi_ddiv
                0x10002c92                __wrap___aeabi_dmul
 .text.__wrap___aeabi_cdcmple
                0x10002ca4       0x6c CMakeFiles/JogoMemoria.dir/C_/Users/paola/.pico-sdk/sdk/2.1.0/src/rp2_common/pico_double/double_aeabi_rp2040.S.obj
                0x10002ca4                __wrap___aeabi_cdrcmple
                0x10002cb4                __wrap___aeabi_cdcmpeq
                0x10002cb4                __wrap___aeabi_cdcmple
 .text.__wrap___aeabi_dcmplt
                0x10002d10        0xc CMakeFiles/JogoMemoria.dir/C_/Users/paola/.pico-sdk/sdk/2.1.0/src/rp2_common/pico_double/double_aeabi_rp2040.S.obj
                0x10002d10                __wrap___aeabi_dcmplt
 .text.__wrap___aeabi_dcmpge
                0x10002d1c       0x10 CMakeFiles/JogoMemoria.dir/C_/Users/paola/.pico-sdk/sdk/2.1.0/src/rp2_common/pico_double/double_aeabi_rp2040.S.obj
                0x10002d1c                __wrap___aeabi_dcmpge
 .text.__wrap___aeabi_dcmpgt
                0x10002d2c        0xa CMakeFiles/JogoMemoria.dir/C_/Users/paola/.pico-sdk/sdk/2.1.0/src/rp2_common/pico_double/double_aeabi_rp2040.S.obj
                0x10002d2c                __wrap___aeabi_dcmpgt
 .text.__wrap___aeabi_dcmpun
                0x10002d36       0x18 CMakeFiles/JogoMemoria.dir/C_/Users/paola/.pico-sdk/sdk/2.1.0/src/rp2_common/pico_double/double_aeabi_rp2040.S.obj
                0x10002d36                __wrap___aeabi_dcmpun
 *fill*         0x10002d4e        0x2 
 .text.__wrap___aeabi_i2d
                0x10002d50       0x38 CMakeFiles/JogoMemoria.dir/C_/Users/paola/.pico-sdk/sdk/2.1.0/src/rp2_common/pico_double/double_aeabi_rp2040.S.obj
                0x10002d50                __wrap___aeabi_ui2d
                0x10002d58                __wrap___aeabi_i2d
 .text.__wrap___aeabi_d2iz
                0x10002d88       0x48 CMakeFiles/JogoMemoria.dir/C_/Users/paola/.pico-sdk/sdk/2.1.0/src/rp2_common/pico_double/double_aeabi_rp2040.S.obj
                0x10002d88                double2int_z
                0x10002d88                __wrap___aeabi_d2iz
 .text.__wrap___aeabi_d2uiz
                0x10002dd0       0x10 CMakeFiles/JogoMemoria.dir/C_/Users/paola/.pico-sdk/sdk/2.1.0/src/rp2_common/pico_double/double_aeabi_rp2040.S.obj
                0x10002dd0                __wrap___aeabi_d2uiz
                0x10002dd0                double2uint
 .text.missing_double_func_shim
                0x10002de0        0xc CMakeFiles/JogoMemoria.dir/C_/Users/paola/.pico-sdk/sdk/2.1.0/src/rp2_common/pico_double/double_init_rom_rp2040.c.obj
 .text.__aeabi_double_init
                0x10002dec       0xa0 CMakeFiles/JogoMemoria.dir/C_/Users/paola/.pico-sdk/sdk/2.1.0/src/rp2_common/pico_double/double_init_rom_rp2040.c.obj
                0x10002dec                __aeabi_double_init
 .text.double_table_shim_on_use_helper
                0x10002e8c       0x2c CMakeFiles/JogoMemoria.dir/C_/Users/paola/.pico-sdk/sdk/2.1.0/src/rp2_common/pico_double/double_v1_rom_shim_rp2040.S.obj
                0x10002e8c                double_table_shim_on_use_helper
 .text.__aeabi_lmul
                0x10002eb8       0x32 CMakeFiles/JogoMemoria.dir/C_/Users/paola/.pico-sdk/sdk/2.1.0/src/rp2_common/pico_int64_ops/pico_int64_ops_aeabi.S.obj
                0x10002eb8                __wrap___aeabi_lmul
 *fill*         0x10002eea        0x2 
 .text.__wrap___aeabi_farithmetic
                0x10002eec       0x48 CMakeFiles/JogoMemoria.dir/C_/Users/paola/.pico-sdk/sdk/2.1.0/src/rp2_common/pico_float/float_aeabi_rp2040.S.obj
                0x10002eec                __wrap___aeabi_frsub
                0x10002ef2                __wrap___aeabi_fsub
                0x10002ef8                __wrap___aeabi_fadd
                0x10002efe                __wrap___aeabi_fdiv
                0x10002f26                __wrap___aeabi_fmul
 .text.__wrap___aeabi_ui2f
                0x10002f34        0xa CMakeFiles/JogoMemoria.dir/C_/Users/paola/.pico-sdk/sdk/2.1.0/src/rp2_common/pico_float/float_aeabi_rp2040.S.obj
                0x10002f34                __wrap___aeabi_ui2f
                0x10002f34                uint2float
 *fill*         0x10002f3e        0x2 
 .text.__wrap___aeabi_i2f
                0x10002f40       0x44 CMakeFiles/JogoMemoria.dir/C_/Users/paola/.pico-sdk/sdk/2.1.0/src/rp2_common/pico_float/float_aeabi_rp2040.S.obj
                0x10002f40                __wrap___aeabi_i2f
                0x10002f40                int2float
 .text.__wrap___aeabi_f2uiz
                0x10002f84        0xc CMakeFiles/JogoMemoria.dir/C_/Users/paola/.pico-sdk/sdk/2.1.0/src/rp2_common/pico_float/float_aeabi_rp2040.S.obj
                0x10002f84                __wrap___aeabi_f2uiz
                0x10002f84                float2uint_z
 .text.missing_float_func_shim
                0x10002f90        0xc CMakeFiles/JogoMemoria.dir/C_/Users/paola/.pico-sdk/sdk/2.1.0/src/rp2_common/pico_float/float_init_rom_rp2040.c.obj
 .text.__aeabi_float_init
                0x10002f9c       0x5c CMakeFiles/JogoMemoria.dir/C_/Users/paola/.pico-sdk/sdk/2.1.0/src/rp2_common/pico_float/float_init_rom_rp2040.c.obj
                0x10002f9c                __aeabi_float_init
 .text.__wrap_calloc
                0x10002ff8       0x28 CMakeFiles/JogoMemoria.dir/C_/Users/paola/.pico-sdk/sdk/2.1.0/src/rp2_common/pico_malloc/malloc.c.obj
                0x10002ff8                __wrap_calloc
 .text          0x10003020       0x10 CMakeFiles/JogoMemoria.dir/C_/Users/paola/.pico-sdk/sdk/2.1.0/src/rp2_common/pico_mem_ops/mem_ops_aeabi.S.obj
                0x10003020                __aeabi_mem_init
 .text.memset   0x10003030        0xc CMakeFiles/JogoMemoria.dir/C_/Users/paola/.pico-sdk/sdk/2.1.0/src/rp2_common/pico_mem_ops/mem_ops_aeabi.S.obj
                0x10003030                __wrap_memset
 .text.memcpy   0x1000303c        0xc CMakeFiles/JogoMemoria.dir/C_/Users/paola/.pico-sdk/sdk/2.1.0/src/rp2_common/pico_mem_ops/mem_ops_aeabi.S.obj
                0x1000303c                __wrap_memcpy
                0x1000303c                __wrap___aeabi_memcpy
 .text._out_buffer
                0x10003048        0x8 CMakeFiles/JogoMemoria.dir/C_/Users/paola/.pico-sdk/sdk/2.1.0/src/rp2_common/pico_printf/printf.c.obj
 .text._out_null
                0x10003050        0x4 CMakeFiles/JogoMemoria.dir/C_/Users/paola/.pico-sdk/sdk/2.1.0/src/rp2_common/pico_printf/printf.c.obj
 .text._out_rev
                0x10003054       0xac CMakeFiles/JogoMemoria.dir/C_/Users/paola/.pico-sdk/sdk/2.1.0/src/rp2_common/pico_printf/printf.c.obj
 .text._ntoa_format
                0x10003100      0x250 CMakeFiles/JogoMemoria.dir/C_/Users/paola/.pico-sdk/sdk/2.1.0/src/rp2_common/pico_printf/printf.c.obj
 .text._out_char
                0x10003350       0x10 CMakeFiles/JogoMemoria.dir/C_/Users/paola/.pico-sdk/sdk/2.1.0/src/rp2_common/pico_printf/printf.c.obj
 .text._etoa    0x10003360      0x464 CMakeFiles/JogoMemoria.dir/C_/Users/paola/.pico-sdk/sdk/2.1.0/src/rp2_common/pico_printf/printf.c.obj
 .text._ftoa    0x100037c4      0x3c0 CMakeFiles/JogoMemoria.dir/C_/Users/paola/.pico-sdk/sdk/2.1.0/src/rp2_common/pico_printf/printf.c.obj
 .text._vsnprintf
                0x10003b84      0xbc8 CMakeFiles/JogoMemoria.dir/C_/Users/paola/.pico-sdk/sdk/2.1.0/src/rp2_common/pico_printf/printf.c.obj
 .text.__wrap_sprintf
                0x1000474c       0x2c CMakeFiles/JogoMemoria.dir/C_/Users/paola/.pico-sdk/sdk/2.1.0/src/rp2_common/pico_printf/printf.c.obj
                0x1000474c                __wrap_sprintf
 .text.weak_raw_vprintf
                0x10004778       0x30 CMakeFiles/JogoMemoria.dir/C_/Users/paola/.pico-sdk/sdk/2.1.0/src/rp2_common/pico_printf/printf.c.obj
                0x10004778                weak_raw_vprintf
 .text._exit    0x100047a8        0x4 CMakeFiles/JogoMemoria.dir/C_/Users/paola/.pico-sdk/sdk/2.1.0/src/rp2_common/pico_clib_interface/newlib_interface.c.obj
                0x100047a8                _exit
 .text._sbrk    0x100047ac       0x34 CMakeFiles/JogoMemoria.dir/C_/Users/paola/.pico-sdk/sdk/2.1.0/src/rp2_common/pico_clib_interface/newlib_interface.c.obj
                0x100047ac                _sbrk
 .text.exit     0x100047e0        0x8 CMakeFiles/JogoMemoria.dir/C_/Users/paola/.pico-sdk/sdk/2.1.0/src/rp2_common/pico_clib_interface/newlib_interface.c.obj
                0x100047e0                exit
 .text.runtime_init
                0x100047e8       0x2c CMakeFiles/JogoMemoria.dir/C_/Users/paola/.pico-sdk/sdk/2.1.0/src/rp2_common/pico_clib_interface/newlib_interface.c.obj
                0x100047e8                runtime_init
 .text.stdio_out_chars_no_crlf
                0x10004814       0x10 CMakeFiles/JogoMemoria.dir/C_/Users/paola/.pico-sdk/sdk/2.1.0/src/rp2_common/pico_stdio/stdio.c.obj
 .text.stdio_out_chars_crlf
                0x10004824       0x94 CMakeFiles/JogoMemoria.dir/C_/Users/paola/.pico-sdk/sdk/2.1.0/src/rp2_common/pico_stdio/stdio.c.obj
 .text.stdio_put_string
                0x100048b8      0x100 CMakeFiles/JogoMemoria.dir/C_/Users/paola/.pico-sdk/sdk/2.1.0/src/rp2_common/pico_stdio/stdio.c.obj
                0x100048b8                stdio_put_string
 .text.stdio_set_driver_enabled
                0x100049b8       0x30 CMakeFiles/JogoMemoria.dir/C_/Users/paola/.pico-sdk/sdk/2.1.0/src/rp2_common/pico_stdio/stdio.c.obj
                0x100049b8                stdio_set_driver_enabled
 .text.stdio_init_all
                0x100049e8        0xc CMakeFiles/JogoMemoria.dir/C_/Users/paola/.pico-sdk/sdk/2.1.0/src/rp2_common/pico_stdio/stdio.c.obj
                0x100049e8                stdio_init_all
 .text.__wrap_putchar
                0x100049f4       0x98 CMakeFiles/JogoMemoria.dir/C_/Users/paola/.pico-sdk/sdk/2.1.0/src/rp2_common/pico_stdio/stdio.c.obj
                0x100049f4                __wrap_putchar
                0x100049f4                stdio_putchar
 .text.__wrap_puts
                0x10004a8c       0x3c CMakeFiles/JogoMemoria.dir/C_/Users/paola/.pico-sdk/sdk/2.1.0/src/rp2_common/pico_stdio/stdio.c.obj
                0x10004a8c                stdio_puts
                0x10004a8c                __wrap_puts
 .text.stdio_uart_out_chars
                0x10004ac8       0x4c CMakeFiles/JogoMemoria.dir/C_/Users/paola/.pico-sdk/sdk/2.1.0/src/rp2_common/pico_stdio_uart/stdio_uart.c.obj
 .text.stdio_uart_in_chars
                0x10004b14       0x90 CMakeFiles/JogoMemoria.dir/C_/Users/paola/.pico-sdk/sdk/2.1.0/src/rp2_common/pico_stdio_uart/stdio_uart.c.obj
                0x10004b14                stdio_uart_in_chars
 .text.on_uart_rx
                0x10004ba4       0x28 CMakeFiles/JogoMemoria.dir/C_/Users/paola/.pico-sdk/sdk/2.1.0/src/rp2_common/pico_stdio_uart/stdio_uart.c.obj
 .text.stdio_uart_out_flush
                0x10004bcc       0x14 CMakeFiles/JogoMemoria.dir/C_/Users/paola/.pico-sdk/sdk/2.1.0/src/rp2_common/pico_stdio_uart/stdio_uart.c.obj
 .text.stdio_uart_set_chars_available_callback
                0x10004be0       0x84 CMakeFiles/JogoMemoria.dir/C_/Users/paola/.pico-sdk/sdk/2.1.0/src/rp2_common/pico_stdio_uart/stdio_uart.c.obj
 .text.stdio_uart_init
                0x10004c64       0x50 CMakeFiles/JogoMemoria.dir/C_/Users/paola/.pico-sdk/sdk/2.1.0/src/rp2_common/pico_stdio_uart/stdio_uart.c.obj
                0x10004c64                stdio_uart_init
 .text.i2c_write_blocking_internal.constprop.0
                0x10004cb4       0xd0 CMakeFiles/JogoMemoria.dir/C_/Users/paola/.pico-sdk/sdk/2.1.0/src/rp2_common/hardware_i2c/i2c.c.obj
 .text.i2c_set_baudrate
                0x10004d84       0xc0 CMakeFiles/JogoMemoria.dir/C_/Users/paola/.pico-sdk/sdk/2.1.0/src/rp2_common/hardware_i2c/i2c.c.obj
                0x10004d84                i2c_set_baudrate
 .text.i2c_init
                0x10004e44       0x50 CMakeFiles/JogoMemoria.dir/C_/Users/paola/.pico-sdk/sdk/2.1.0/src/rp2_common/hardware_i2c/i2c.c.obj
                0x10004e44                i2c_init
 .text.i2c_write_blocking
                0x10004e94       0x14 CMakeFiles/JogoMemoria.dir/C_/Users/paola/.pico-sdk/sdk/2.1.0/src/rp2_common/hardware_i2c/i2c.c.obj
                0x10004e94                i2c_write_blocking
 .text.pio_add_program
                0x10004ea8      0x104 CMakeFiles/JogoMemoria.dir/C_/Users/paola/.pico-sdk/sdk/2.1.0/src/rp2_common/hardware_pio/pio.c.obj
                0x10004ea8                pio_add_program
 .text.pio_sm_set_consecutive_pindirs
                0x10004fac       0xb4 CMakeFiles/JogoMemoria.dir/C_/Users/paola/.pico-sdk/sdk/2.1.0/src/rp2_common/hardware_pio/pio.c.obj
                0x10004fac                pio_sm_set_consecutive_pindirs
 .text.pio_sm_init
                0x10005060       0x9c CMakeFiles/JogoMemoria.dir/C_/Users/paola/.pico-sdk/sdk/2.1.0/src/rp2_common/hardware_pio/pio.c.obj
                0x10005060                pio_sm_init
 .text.adc_init
                0x100050fc       0x38 CMakeFiles/JogoMemoria.dir/C_/Users/paola/.pico-sdk/sdk/2.1.0/src/rp2_common/hardware_adc/adc.c.obj
                0x100050fc                adc_init
 .text.calloc   0x10005134       0x18 C:/Users/paola/.pico-sdk/toolchain/13_3_Rel1/bin/../lib/gcc/arm-none-eabi/13.3.1/thumb/v6-m/nofp\libg.a(libc_a-calloc.o)
                0x10005134                calloc
 .text._calloc_r
                0x1000514c       0xa8 C:/Users/paola/.pico-sdk/toolchain/13_3_Rel1/bin/../lib/gcc/arm-none-eabi/13.3.1/thumb/v6-m/nofp\libg.a(libc_a-callocr.o)
                0x1000514c                _calloc_r
 .text._malloc_r
                0x100051f4      0x5c4 C:/Users/paola/.pico-sdk/toolchain/13_3_Rel1/bin/../lib/gcc/arm-none-eabi/13.3.1/thumb/v6-m/nofp\libg.a(libc_a-mallocr.o)
                0x100051f4                _malloc_r
 .text.__malloc_lock
                0x100057b8       0x10 C:/Users/paola/.pico-sdk/toolchain/13_3_Rel1/bin/../lib/gcc/arm-none-eabi/13.3.1/thumb/v6-m/nofp\libg.a(libc_a-mlock.o)
                0x100057b8                __malloc_lock
 .text.__malloc_unlock
                0x100057c8       0x10 C:/Users/paola/.pico-sdk/toolchain/13_3_Rel1/bin/../lib/gcc/arm-none-eabi/13.3.1/thumb/v6-m/nofp\libg.a(libc_a-mlock.o)
                0x100057c8                __malloc_unlock
 .text.rand     0x100057d8       0x34 C:/Users/paola/.pico-sdk/toolchain/13_3_Rel1/bin/../lib/gcc/arm-none-eabi/13.3.1/thumb/v6-m/nofp\libg.a(libc_a-rand.o)
                0x100057d8                rand
 .text._sbrk_r  0x1000580c       0x24 C:/Users/paola/.pico-sdk/toolchain/13_3_Rel1/bin/../lib/gcc/arm-none-eabi/13.3.1/thumb/v6-m/nofp\libg.a(libc_a-sbrkr.o)
                0x1000580c                _sbrk_r
 .text.__errno  0x10005830        0xc C:/Users/paola/.pico-sdk/toolchain/13_3_Rel1/bin/../lib/gcc/arm-none-eabi/13.3.1/thumb/v6-m/nofp\libg.a(libc_a-errno.o)
                0x10005830                __errno
 .text.__retarget_lock_acquire_recursive
                0x1000583c        0x4 C:/Users/paola/.pico-sdk/toolchain/13_3_Rel1/bin/../lib/gcc/arm-none-eabi/13.3.1/thumb/v6-m/nofp\libg.a(libc_a-lock.o)
                0x1000583c                __retarget_lock_acquire_recursive
 .text.__retarget_lock_release_recursive
                0x10005840        0x4 C:/Users/paola/.pico-sdk/toolchain/13_3_Rel1/bin/../lib/gcc/arm-none-eabi/13.3.1/thumb/v6-m/nofp\libg.a(libc_a-lock.o)
                0x10005840                __retarget_lock_release_recursive
 .text.sysconf  0x10005844       0x1c C:/Users/paola/.pico-sdk/toolchain/13_3_Rel1/bin/../lib/gcc/arm-none-eabi/13.3.1/thumb/v6-m/nofp\libg.a(libc_a-sysconf.o)
                0x10005844                sysconf
 .text.strlen   0x10005860       0x5c C:/Users/paola/.pico-sdk/toolchain/13_3_Rel1/bin/../lib/gcc/arm-none-eabi/13.3.1/thumb/v6-m/nofp\libg.a(libc_a-strlen-stub.o)
                0x10005860                strlen
 .text._malloc_trim_r
                0x100058bc       0xb4 C:/Users/paola/.pico-sdk/toolchain/13_3_Rel1/bin/../lib/gcc/arm-none-eabi/13.3.1/thumb/v6-m/nofp\libg.a(libc_a-freer.o)
                0x100058bc                _malloc_trim_r
 .text._free_r  0x10005970      0x1d4 C:/Users/paola/.pico-sdk/toolchain/13_3_Rel1/bin/../lib/gcc/arm-none-eabi/13.3.1/thumb/v6-m/nofp\libg.a(libc_a-freer.o)
                0x10005970                _free_r
 *(.fini)
 .fini          0x10005b44        0x4 C:/Users/paola/.pico-sdk/toolchain/13_3_Rel1/bin/../lib/gcc/arm-none-eabi/13.3.1/thumb/v6-m/nofp/crti.o
                0x10005b44                _fini
 .fini.__stub   0x10005b48       0x40 linker stubs
 *crtbegin.o(.ctors)
 *crtbegin?.o(.ctors)
 *(EXCLUDE_FILE(*crtend.o *crtend?.o) .ctors)
 *(SORT_BY_NAME(.ctors.*))
 *(.ctors)
 *crtbegin.o(.dtors)
 *crtbegin?.o(.dtors)
 *(EXCLUDE_FILE(*crtend.o *crtend?.o) .dtors)
 *(SORT_BY_NAME(.dtors.*))
 *(.dtors)
                0x10005b88                        . = ALIGN (0x4)
                0x10005b88                        PROVIDE (__preinit_array_start = .)
 *(SORT_BY_NAME(.preinit_array.*))
 .preinit_array.00100
                0x10005b88        0x4 CMakeFiles/JogoMemoria.dir/C_/Users/paola/.pico-sdk/sdk/2.1.0/src/rp2_common/pico_runtime_init/runtime_init.c.obj
                0x10005b88                __pre_init_runtime_init_early_resets
 .preinit_array.00101
                0x10005b8c        0x4 CMakeFiles/JogoMemoria.dir/C_/Users/paola/.pico-sdk/sdk/2.1.0/src/rp2_common/pico_runtime_init/runtime_init.c.obj
                0x10005b8c                __pre_init_runtime_init_usb_power_down
 .preinit_array.00275
                0x10005b90        0x4 CMakeFiles/JogoMemoria.dir/C_/Users/paola/.pico-sdk/sdk/2.1.0/src/rp2_common/pico_bit_ops/bit_ops_aeabi.S.obj
 .preinit_array.00300
                0x10005b94        0x4 CMakeFiles/JogoMemoria.dir/C_/Users/paola/.pico-sdk/sdk/2.1.0/src/rp2_common/pico_mem_ops/mem_ops_aeabi.S.obj
 .preinit_array.00350
                0x10005b98        0x4 CMakeFiles/JogoMemoria.dir/C_/Users/paola/.pico-sdk/sdk/2.1.0/src/rp2_common/pico_double/double_aeabi_rp2040.S.obj
 .preinit_array.00350
                0x10005b9c        0x4 CMakeFiles/JogoMemoria.dir/C_/Users/paola/.pico-sdk/sdk/2.1.0/src/rp2_common/pico_float/float_aeabi_rp2040.S.obj
 .preinit_array.00500
                0x10005ba0        0x4 CMakeFiles/JogoMemoria.dir/C_/Users/paola/.pico-sdk/sdk/2.1.0/src/rp2_common/pico_runtime_init/runtime_init.c.obj
                0x10005ba0                __pre_init_runtime_init_clocks
 .preinit_array.00600
                0x10005ba4        0x4 CMakeFiles/JogoMemoria.dir/C_/Users/paola/.pico-sdk/sdk/2.1.0/src/rp2_common/pico_runtime_init/runtime_init.c.obj
                0x10005ba4                __pre_init_runtime_init_post_clock_resets
 .preinit_array.00700
                0x10005ba8        0x4 CMakeFiles/JogoMemoria.dir/C_/Users/paola/.pico-sdk/sdk/2.1.0/src/rp2_common/pico_runtime_init/runtime_init.c.obj
                0x10005ba8                __pre_init_runtime_init_rp2040_gpio_ie_disable
 .preinit_array.01000
                0x10005bac        0x4 CMakeFiles/JogoMemoria.dir/C_/Users/paola/.pico-sdk/sdk/2.1.0/src/rp2_common/pico_runtime_init/runtime_init.c.obj
                0x10005bac                __pre_init_runtime_init_spin_locks_reset
 .preinit_array.01100
                0x10005bb0        0x4 CMakeFiles/JogoMemoria.dir/C_/Users/paola/.pico-sdk/sdk/2.1.0/src/common/pico_sync/mutex.c.obj
                0x10005bb0                __pre_init_runtime_init_mutex
 .preinit_array.10080
                0x10005bb4        0x4 CMakeFiles/JogoMemoria.dir/C_/Users/paola/.pico-sdk/sdk/2.1.0/src/rp2_common/pico_runtime_init/runtime_init.c.obj
                0x10005bb4                __pre_init_runtime_init_install_ram_vector_table
 .preinit_array.11000
                0x10005bb8        0x4 CMakeFiles/JogoMemoria.dir/C_/Users/paola/.pico-sdk/sdk/2.1.0/src/common/pico_time/time.c.obj
                0x10005bb8                __pre_init_runtime_init_default_alarm_pool
 .preinit_array.YYYYY
                0x10005bbc        0x4 CMakeFiles/JogoMemoria.dir/C_/Users/paola/.pico-sdk/sdk/2.1.0/src/rp2_common/pico_runtime/runtime.c.obj
                0x10005bbc                __pre_init_first_per_core_initializer
 .preinit_array.ZZZZZ.01200
                0x10005bc0        0x4 CMakeFiles/JogoMemoria.dir/C_/Users/paola/.pico-sdk/sdk/2.1.0/src/rp2_common/hardware_irq/irq.c.obj
                0x10005bc0                __pre_init_runtime_init_per_core_irq_priorities
 *(.preinit_array)
                0x10005bc4                        PROVIDE (__preinit_array_end = .)
                0x10005bc4                        . = ALIGN (0x4)
                0x10005bc4                        PROVIDE (__init_array_start = .)
 *(SORT_BY_NAME(.init_array.*))
 *(.init_array)
 .init_array    0x10005bc4        0x4 C:/Users/paola/.pico-sdk/toolchain/13_3_Rel1/bin/../lib/gcc/arm-none-eabi/13.3.1/thumb/v6-m/nofp/crtbegin.o
                0x10005bc8                        PROVIDE (__init_array_end = .)
                0x10005bc8                        . = ALIGN (0x4)
                [!provide]                        PROVIDE (__fini_array_start = .)
 *(SORT_BY_NAME(.fini_array.*))
 *(.fini_array)
                [!provide]                        PROVIDE (__fini_array_end = .)
 *(.eh_frame*)
 .eh_frame      0x10005bc8        0x0 C:/Users/paola/.pico-sdk/toolchain/13_3_Rel1/bin/../lib/gcc/arm-none-eabi/13.3.1/thumb/v6-m/nofp/crtbegin.o
                0x10005bc8                        . = ALIGN (0x4)

.glue_7         0x10005bc8        0x0
 .glue_7        0x10005bc8        0x0 linker stubs

.glue_7t        0x10005bc8        0x0
 .glue_7t       0x10005bc8        0x0 linker stubs

.vfp11_veneer   0x10005bc8        0x0
 .vfp11_veneer  0x10005bc8        0x0 linker stubs

.v4_bx          0x10005bc8        0x0
 .v4_bx         0x10005bc8        0x0 linker stubs

.iplt           0x10005bc8        0x0
 .iplt          0x10005bc8        0x0 C:/Users/paola/.pico-sdk/toolchain/13_3_Rel1/bin/../lib/gcc/arm-none-eabi/13.3.1/thumb/v6-m/nofp/crtbegin.o

.rodata         0x10005bc8      0x5c8
 *(EXCLUDE_FILE(*libm.a: *libc.a:*lib_a-mem*.o *libgcc.a:) .rodata*)
 .rodata.display_level.str1.4
                0x10005bc8      0x160 CMakeFiles/JogoMemoria.dir/JogoMemoria.c.obj
                                 0x13 (size before relaxing)
 .rodata.main.str1.4
                0x10005d28       0x5c CMakeFiles/JogoMemoria.dir/JogoMemoria.c.obj
 .rodata.ws2812_program
                0x10005d28        0x8 CMakeFiles/JogoMemoria.dir/JogoMemoria.c.obj
 .rodata.ws2812_program_instructions
                0x10005d30        0x8 CMakeFiles/JogoMemoria.dir/JogoMemoria.c.obj
 .rodata.font   0x10005d38      0x1f8 CMakeFiles/JogoMemoria.dir/lib/ssd1306.c.obj
 .rodata.panic.str1.4
                0x10005f30       0x12 CMakeFiles/JogoMemoria.dir/C_/Users/paola/.pico-sdk/sdk/2.1.0/src/rp2_common/pico_platform_panic/panic.c.obj
 .rodata.timer_hardware_alarm_claim.str1.4
                0x10005f30       0x22 CMakeFiles/JogoMemoria.dir/C_/Users/paola/.pico-sdk/sdk/2.1.0/src/rp2_common/hardware_timer/timer.c.obj
 .rodata.hard_assertion_failure.str1.4
                0x10005f30        0xc CMakeFiles/JogoMemoria.dir/C_/Users/paola/.pico-sdk/sdk/2.1.0/src/rp2_common/pico_runtime/runtime.c.obj
 .rodata.missing_double_func_shim.str1.4
                0x10005f30       0x18 CMakeFiles/JogoMemoria.dir/C_/Users/paola/.pico-sdk/sdk/2.1.0/src/rp2_common/pico_double/double_init_rom_rp2040.c.obj
 .rodata.missing_float_func_shim.str1.4
                0x10005f30        0x1 CMakeFiles/JogoMemoria.dir/C_/Users/paola/.pico-sdk/sdk/2.1.0/src/rp2_common/pico_float/float_init_rom_rp2040.c.obj
 .rodata.__wrap_malloc.str1.4
                0x10005f30        0xe CMakeFiles/JogoMemoria.dir/C_/Users/paola/.pico-sdk/sdk/2.1.0/src/rp2_common/pico_malloc/malloc.c.obj
 .rodata.str1.4
                0x10005f30       0x40 CMakeFiles/JogoMemoria.dir/C_/Users/paola/.pico-sdk/sdk/2.1.0/src/rp2_common/pico_standard_binary_info/standard_binary_info.c.obj
 .rodata.__bi_84
                0x10005f30        0xc CMakeFiles/JogoMemoria.dir/C_/Users/paola/.pico-sdk/sdk/2.1.0/src/rp2_common/pico_standard_binary_info/standard_binary_info.c.obj
 .rodata.__bi_78
                0x10005f3c        0xc CMakeFiles/JogoMemoria.dir/C_/Users/paola/.pico-sdk/sdk/2.1.0/src/rp2_common/pico_standard_binary_info/standard_binary_info.c.obj
 .rodata.__bi_54
                0x10005f48        0xc CMakeFiles/JogoMemoria.dir/C_/Users/paola/.pico-sdk/sdk/2.1.0/src/rp2_common/pico_standard_binary_info/standard_binary_info.c.obj
 .rodata.__bi_48
                0x10005f54        0xc CMakeFiles/JogoMemoria.dir/C_/Users/paola/.pico-sdk/sdk/2.1.0/src/rp2_common/pico_standard_binary_info/standard_binary_info.c.obj
 .rodata.__bi_42
                0x10005f60        0xc CMakeFiles/JogoMemoria.dir/C_/Users/paola/.pico-sdk/sdk/2.1.0/src/rp2_common/pico_standard_binary_info/standard_binary_info.c.obj
 .rodata.__bi_34
                0x10005f6c        0xc CMakeFiles/JogoMemoria.dir/C_/Users/paola/.pico-sdk/sdk/2.1.0/src/rp2_common/pico_standard_binary_info/standard_binary_info.c.obj
 .rodata.__bi_26
                0x10005f78        0xc CMakeFiles/JogoMemoria.dir/C_/Users/paola/.pico-sdk/sdk/2.1.0/src/rp2_common/pico_standard_binary_info/standard_binary_info.c.obj
 .rodata._ftoa.str1.4
                0x10005f84       0x15 CMakeFiles/JogoMemoria.dir/C_/Users/paola/.pico-sdk/sdk/2.1.0/src/rp2_common/pico_printf/printf.c.obj
 .rodata._vsnprintf
                0x10005f84      0x19c CMakeFiles/JogoMemoria.dir/C_/Users/paola/.pico-sdk/sdk/2.1.0/src/rp2_common/pico_printf/printf.c.obj
 .rodata.pow10.0
                0x10006120       0x50 CMakeFiles/JogoMemoria.dir/C_/Users/paola/.pico-sdk/sdk/2.1.0/src/rp2_common/pico_printf/printf.c.obj
 .rodata.crlf_str.0
                0x10006170        0x2 CMakeFiles/JogoMemoria.dir/C_/Users/paola/.pico-sdk/sdk/2.1.0/src/rp2_common/pico_stdio/stdio.c.obj
 .rodata.str1.4
                0x10006172       0x2c CMakeFiles/JogoMemoria.dir/C_/Users/paola/.pico-sdk/sdk/2.1.0/src/rp2_common/pico_stdio_uart/stdio_uart.c.obj
 *fill*         0x10006172        0x2 
 .rodata.__bi_45.4
                0x10006174        0xc CMakeFiles/JogoMemoria.dir/C_/Users/paola/.pico-sdk/sdk/2.1.0/src/rp2_common/pico_stdio_uart/stdio_uart.c.obj
 .rodata.__bi_49.5
                0x10006180        0x8 CMakeFiles/JogoMemoria.dir/C_/Users/paola/.pico-sdk/sdk/2.1.0/src/rp2_common/pico_stdio_uart/stdio_uart.c.obj
 .rodata.__bi_50.6
                0x10006188        0x8 CMakeFiles/JogoMemoria.dir/C_/Users/paola/.pico-sdk/sdk/2.1.0/src/rp2_common/pico_stdio_uart/stdio_uart.c.obj
                0x10006190                        . = ALIGN (0x4)
 *(SORT_BY_ALIGNMENT(SORT_BY_NAME(.flashdata*)))
                0x10006190                        . = ALIGN (0x4)

.ARM.extab
 *(.ARM.extab* .gnu.linkonce.armextab.*)
                0x10006190                        __exidx_start = .

.ARM.exidx
 *(.ARM.exidx* .gnu.linkonce.armexidx.*)
                0x10006190                        __exidx_end = .
                0x10006190                        . = ALIGN (0x4)
                0x10006190                        __binary_info_start = .

.binary_info    0x10006190       0x28
 *(.binary_info.keep.*)
 .binary_info.keep.__bi_ptr84
                0x10006190        0x4 CMakeFiles/JogoMemoria.dir/C_/Users/paola/.pico-sdk/sdk/2.1.0/src/rp2_common/pico_standard_binary_info/standard_binary_info.c.obj
 .binary_info.keep.__bi_ptr78
                0x10006194        0x4 CMakeFiles/JogoMemoria.dir/C_/Users/paola/.pico-sdk/sdk/2.1.0/src/rp2_common/pico_standard_binary_info/standard_binary_info.c.obj
 .binary_info.keep.__bi_ptr54
                0x10006198        0x4 CMakeFiles/JogoMemoria.dir/C_/Users/paola/.pico-sdk/sdk/2.1.0/src/rp2_common/pico_standard_binary_info/standard_binary_info.c.obj
 .binary_info.keep.__bi_ptr48
                0x1000619c        0x4 CMakeFiles/JogoMemoria.dir/C_/Users/paola/.pico-sdk/sdk/2.1.0/src/rp2_common/pico_standard_binary_info/standard_binary_info.c.obj
 .binary_info.keep.__bi_ptr42
                0x100061a0        0x4 CMakeFiles/JogoMemoria.dir/C_/Users/paola/.pico-sdk/sdk/2.1.0/src/rp2_common/pico_standard_binary_info/standard_binary_info.c.obj
 .binary_info.keep.__bi_ptr34
                0x100061a4        0x4 CMakeFiles/JogoMemoria.dir/C_/Users/paola/.pico-sdk/sdk/2.1.0/src/rp2_common/pico_standard_binary_info/standard_binary_info.c.obj
 .binary_info.keep.__bi_ptr26
                0x100061a8        0x4 CMakeFiles/JogoMemoria.dir/C_/Users/paola/.pico-sdk/sdk/2.1.0/src/rp2_common/pico_standard_binary_info/standard_binary_info.c.obj
 *(.binary_info.*)
 .binary_info.__bi_ptr50
                0x100061ac        0x4 CMakeFiles/JogoMemoria.dir/C_/Users/paola/.pico-sdk/sdk/2.1.0/src/rp2_common/pico_stdio_uart/stdio_uart.c.obj
 .binary_info.__bi_ptr49
                0x100061b0        0x4 CMakeFiles/JogoMemoria.dir/C_/Users/paola/.pico-sdk/sdk/2.1.0/src/rp2_common/pico_stdio_uart/stdio_uart.c.obj
 .binary_info.__bi_ptr45
                0x100061b4        0x4 CMakeFiles/JogoMemoria.dir/C_/Users/paola/.pico-sdk/sdk/2.1.0/src/rp2_common/pico_stdio_uart/stdio_uart.c.obj
                0x100061b8                        __binary_info_end = .

.rel.dyn        0x100061b8        0x0
 .rel.iplt      0x100061b8        0x0 C:/Users/paola/.pico-sdk/toolchain/13_3_Rel1/bin/../lib/gcc/arm-none-eabi/13.3.1/thumb/v6-m/nofp/crtbegin.o
                0x100061b8                        . = ALIGN (0x4)

.ram_vector_table
                0x20000000       0xc0
 *(.ram_vector_table)
 .ram_vector_table
                0x20000000       0xc0 CMakeFiles/JogoMemoria.dir/C_/Users/paola/.pico-sdk/sdk/2.1.0/src/rp2_common/pico_runtime_init/runtime_init.c.obj
                0x20000000                ram_vector_table

.uninitialized_data
                0x200000c0        0x0
                0x200000c0                        . = ALIGN (0x4)
 *(.uninitialized_data*)

.data           0x200000c0      0x708 load address 0x100061b8
                0x200000c0                        __data_start__ = .
 *(vtable)
 *(.time_critical*)
 .time_critical.mutex_try_enter_block_until
                0x200000c0       0x9c CMakeFiles/JogoMemoria.dir/C_/Users/paola/.pico-sdk/sdk/2.1.0/src/common/pico_sync/mutex.c.obj
                0x200000c0                mutex_try_enter_block_until
 .time_critical.mutex_exit
                0x2000015c       0x28 CMakeFiles/JogoMemoria.dir/C_/Users/paola/.pico-sdk/sdk/2.1.0/src/common/pico_sync/mutex.c.obj
                0x2000015c                mutex_exit
 *(.text*)
 .text          0x20000184        0x4 C:/Users/paola/.pico-sdk/toolchain/13_3_Rel1/bin/../lib/gcc/arm-none-eabi/13.3.1/thumb/v6-m/nofp\libgcc.a(_dvmd_tls.o)
                0x20000184                __aeabi_idiv0
                0x20000184                __aeabi_ldiv0
 .text.__stub   0x20000188       0x10 linker stubs
                0x20000198                        . = ALIGN (0x4)
 *(.rodata*)
                0x20000198                        . = ALIGN (0x4)
 *(.data*)
 .data.intensity_scale
                0x20000198        0x4 CMakeFiles/JogoMemoria.dir/JogoMemoria.c.obj
                0x20000198                intensity_scale
 .data.colors   0x2000019c       0x18 CMakeFiles/JogoMemoria.dir/JogoMemoria.c.obj
                0x2000019c                colors
 .data.striped_spin_lock_num
                0x200001b4        0x1 CMakeFiles/JogoMemoria.dir/C_/Users/paola/.pico-sdk/sdk/2.1.0/src/rp2_common/hardware_sync/sync.c.obj
 *fill*         0x200001b5        0x3 
 .data          0x200001b8       0x48 CMakeFiles/JogoMemoria.dir/C_/Users/paola/.pico-sdk/sdk/2.1.0/src/rp2_common/hardware_irq/irq_handler_chain.S.obj
                0x200001b8                irq_handler_chain_slots
                0x200001e8                irq_handler_chain_first_slot
                0x200001f2                irq_handler_chain_remove_tail
 .data.default_alarm_pool
                0x20000200       0x18 CMakeFiles/JogoMemoria.dir/C_/Users/paola/.pico-sdk/sdk/2.1.0/src/common/pico_time/time.c.obj
 *fill*         0x20000218        0x8 
 .data.aeabi_bits_funcs
                0x20000220       0x10 CMakeFiles/JogoMemoria.dir/C_/Users/paola/.pico-sdk/sdk/2.1.0/src/rp2_common/pico_bit_ops/bit_ops_aeabi.S.obj
                0x20000220                aeabi_bits_funcs
                0x20000230                aeabi_bits_funcs_end
 .data.aeabi_mem_funcs
                0x20000230       0x10 CMakeFiles/JogoMemoria.dir/C_/Users/paola/.pico-sdk/sdk/2.1.0/src/rp2_common/pico_mem_ops/mem_ops_aeabi.S.obj
                0x20000230                aeabi_mem_funcs
                0x20000240                aeabi_mem_funcs_end
 .data.stdio_uart
                0x20000240       0x18 CMakeFiles/JogoMemoria.dir/C_/Users/paola/.pico-sdk/sdk/2.1.0/src/rp2_common/pico_stdio_uart/stdio_uart.c.obj
                0x20000240                stdio_uart
 .data.i2c1_inst
                0x20000258        0x8 CMakeFiles/JogoMemoria.dir/C_/Users/paola/.pico-sdk/sdk/2.1.0/src/rp2_common/hardware_i2c/i2c.c.obj
                0x20000258                i2c1_inst
 .data.i2c0_inst
                0x20000260        0x8 CMakeFiles/JogoMemoria.dir/C_/Users/paola/.pico-sdk/sdk/2.1.0/src/rp2_common/hardware_i2c/i2c.c.obj
                0x20000260                i2c0_inst
 .data.__malloc_sbrk_base
                0x20000268        0x4 C:/Users/paola/.pico-sdk/toolchain/13_3_Rel1/bin/../lib/gcc/arm-none-eabi/13.3.1/thumb/v6-m/nofp\libg.a(libc_a-mallocr.o)
                0x20000268                __malloc_sbrk_base
 .data.__malloc_trim_threshold
                0x2000026c        0x4 C:/Users/paola/.pico-sdk/toolchain/13_3_Rel1/bin/../lib/gcc/arm-none-eabi/13.3.1/thumb/v6-m/nofp\libg.a(libc_a-mallocr.o)
                0x2000026c                __malloc_trim_threshold
 .data.__malloc_av_
                0x20000270      0x408 C:/Users/paola/.pico-sdk/toolchain/13_3_Rel1/bin/../lib/gcc/arm-none-eabi/13.3.1/thumb/v6-m/nofp\libg.a(libc_a-mallocr.o)
                0x20000270                __malloc_av_
 .data._impure_ptr
                0x20000678        0x4 C:/Users/paola/.pico-sdk/toolchain/13_3_Rel1/bin/../lib/gcc/arm-none-eabi/13.3.1/thumb/v6-m/nofp\libg.a(libc_a-impure.o)
                0x20000678                _impure_ptr
 *fill*         0x2000067c        0x4 
 .data._impure_data
                0x20000680      0x140 C:/Users/paola/.pico-sdk/toolchain/13_3_Rel1/bin/../lib/gcc/arm-none-eabi/13.3.1/thumb/v6-m/nofp\libg.a(libc_a-impure.o)
                0x20000680                _impure_data
                0x200007c0                        . = ALIGN (0x4)
 *(.after_data.*)
                0x200007c0                        . = ALIGN (0x4)
                0x200007c0                        PROVIDE (__mutex_array_start = .)
 *(SORT_BY_NAME(.mutex_array.*))
 *(.mutex_array)
 .mutex_array   0x200007c0        0x8 CMakeFiles/JogoMemoria.dir/C_/Users/paola/.pico-sdk/sdk/2.1.0/src/rp2_common/pico_stdio/stdio.c.obj
                0x200007c8                        PROVIDE (__mutex_array_end = .)
                0x200007c8                        . = ALIGN (0x4)
 *(.jcr)
                0x200007c8                        . = ALIGN (0x4)

.tm_clone_table
                0x200007c8        0x0 load address 0x100068c0
 .tm_clone_table
                0x200007c8        0x0 C:/Users/paola/.pico-sdk/toolchain/13_3_Rel1/bin/../lib/gcc/arm-none-eabi/13.3.1/thumb/v6-m/nofp/crtbegin.o
 .tm_clone_table
                0x200007c8        0x0 C:/Users/paola/.pico-sdk/toolchain/13_3_Rel1/bin/../lib/gcc/arm-none-eabi/13.3.1/thumb/v6-m/nofp/crtend.o

.igot.plt       0x200007c8        0x0 load address 0x100068c0
 .igot.plt      0x200007c8        0x0 C:/Users/paola/.pico-sdk/toolchain/13_3_Rel1/bin/../lib/gcc/arm-none-eabi/13.3.1/thumb/v6-m/nofp/crtbegin.o

.tdata          0x200007c8        0x0 load address 0x100068c0
                0x200007c8                        . = ALIGN (0x4)
 *(.tdata .tdata.* .gnu.linkonce.td.*)
                0x200007c8                        __tdata_end = .
                0x200007c8                        PROVIDE (__data_end__ = .)
                0x100061b8                        __etext = LOADADDR (.data)

.tbss           0x200007c8        0x0 load address 0x100068c0
                0x200007c8                        . = ALIGN (0x4)
                0x200007c8                        __bss_start__ = .
                0x200007c8                        __tls_base = .
 *(.tbss .tbss.* .gnu.linkonce.tb.*)
 *(.tcommon)
                0x200007c8                        __tls_end = .

.bss            0x200007c8      0x58c load address 0x100068c0
                0x200007c8                        . = ALIGN (0x4)
                0x200007c8                        __tbss_end = .
 *(SORT_BY_ALIGNMENT(SORT_BY_NAME(.bss*)))
 .bss.default_alarm_pool_entries
                0x200007c8      0x180 CMakeFiles/JogoMemoria.dir/C_/Users/paola/.pico-sdk/sdk/2.1.0/src/common/pico_time/time.c.obj
 .bss.sd_table  0x20000948      0x100 CMakeFiles/JogoMemoria.dir/C_/Users/paola/.pico-sdk/sdk/2.1.0/src/rp2_common/pico_double/double_init_rom_rp2040.c.obj
                0x20000948                sd_table
 .bss.__lock___malloc_recursive_mutex
                0x20000a48        0x1 C:/Users/paola/.pico-sdk/toolchain/13_3_Rel1/bin/../lib/gcc/arm-none-eabi/13.3.1/thumb/v6-m/nofp\libg.a(libc_a-lock.o)
                0x20000a48                __lock___malloc_recursive_mutex
 *fill*         0x20000a49        0x3 
 .bss.__malloc_current_mallinfo
                0x20000a4c       0x28 C:/Users/paola/.pico-sdk/toolchain/13_3_Rel1/bin/../lib/gcc/arm-none-eabi/13.3.1/thumb/v6-m/nofp\libg.a(libc_a-mallocr.o)
                0x20000a4c                __malloc_current_mallinfo
 .bss.__malloc_max_sbrked_mem
                0x20000a74        0x4 C:/Users/paola/.pico-sdk/toolchain/13_3_Rel1/bin/../lib/gcc/arm-none-eabi/13.3.1/thumb/v6-m/nofp\libg.a(libc_a-mallocr.o)
                0x20000a74                __malloc_max_sbrked_mem
 .bss.__malloc_max_total_mem
                0x20000a78        0x4 C:/Users/paola/.pico-sdk/toolchain/13_3_Rel1/bin/../lib/gcc/arm-none-eabi/13.3.1/thumb/v6-m/nofp\libg.a(libc_a-mallocr.o)
                0x20000a78                __malloc_max_total_mem
 .bss.__malloc_top_pad
                0x20000a7c        0x4 C:/Users/paola/.pico-sdk/toolchain/13_3_Rel1/bin/../lib/gcc/arm-none-eabi/13.3.1/thumb/v6-m/nofp\libg.a(libc_a-mallocr.o)
                0x20000a7c                __malloc_top_pad
 .bss.__sf      0x20000a80      0x138 C:/Users/paola/.pico-sdk/toolchain/13_3_Rel1/bin/../lib/gcc/arm-none-eabi/13.3.1/thumb/v6-m/nofp\libg.a(libc_a-findfp.o)
                0x20000a80                __sf
 .bss._used_instruction_space
                0x20000bb8        0x8 CMakeFiles/JogoMemoria.dir/C_/Users/paola/.pico-sdk/sdk/2.1.0/src/rp2_common/hardware_pio/pio.c.obj
 .bss.chars_available_callback
                0x20000bc0        0x4 CMakeFiles/JogoMemoria.dir/C_/Users/paola/.pico-sdk/sdk/2.1.0/src/rp2_common/pico_stdio_uart/stdio_uart.c.obj
 .bss.chars_available_param
                0x20000bc4        0x4 CMakeFiles/JogoMemoria.dir/C_/Users/paola/.pico-sdk/sdk/2.1.0/src/rp2_common/pico_stdio_uart/stdio_uart.c.obj
 .bss.claimed   0x20000bc8        0x1 CMakeFiles/JogoMemoria.dir/C_/Users/paola/.pico-sdk/sdk/2.1.0/src/rp2_common/hardware_timer/timer.c.obj
 *fill*         0x20000bc9        0x3 
 .bss.configured_freq
                0x20000bcc       0x28 CMakeFiles/JogoMemoria.dir/C_/Users/paola/.pico-sdk/sdk/2.1.0/src/rp2_common/hardware_clocks/clocks.c.obj
 .bss.drivers   0x20000bf4        0x4 CMakeFiles/JogoMemoria.dir/C_/Users/paola/.pico-sdk/sdk/2.1.0/src/rp2_common/pico_stdio/stdio.c.obj
 .bss.errno     0x20000bf8        0x4 C:/Users/paola/.pico-sdk/toolchain/13_3_Rel1/bin/../lib/gcc/arm-none-eabi/13.3.1/thumb/v6-m/nofp\libg.a(libc_a-reent.o)
                0x20000bf8                errno
 .bss.filter    0x20000bfc        0x4 CMakeFiles/JogoMemoria.dir/C_/Users/paola/.pico-sdk/sdk/2.1.0/src/rp2_common/pico_stdio/stdio.c.obj
 .bss.heap_end.0
                0x20000c00        0x4 CMakeFiles/JogoMemoria.dir/C_/Users/paola/.pico-sdk/sdk/2.1.0/src/rp2_common/pico_clib_interface/newlib_interface.c.obj
 .bss.index.1   0x20000c04        0x4 CMakeFiles/JogoMemoria.dir/JogoMemoria.c.obj
 .bss.lazy_vsnprintf
                0x20000c08        0x4 CMakeFiles/JogoMemoria.dir/C_/Users/paola/.pico-sdk/sdk/2.1.0/src/rp2_common/pico_printf/printf.c.obj
 .bss.object.0  0x20000c0c       0x18 C:/Users/paola/.pico-sdk/toolchain/13_3_Rel1/bin/../lib/gcc/arm-none-eabi/13.3.1/thumb/v6-m/nofp/crtbegin.o
 .bss.pools     0x20000c24       0x10 CMakeFiles/JogoMemoria.dir/C_/Users/paola/.pico-sdk/sdk/2.1.0/src/common/pico_time/time.c.obj
 .bss.samples.0
                0x20000c34        0xa CMakeFiles/JogoMemoria.dir/JogoMemoria.c.obj
 *fill*         0x20000c3e        0x2 
 .bss.sf_clz_func
                0x20000c40        0x4 CMakeFiles/JogoMemoria.dir/C_/Users/paola/.pico-sdk/sdk/2.1.0/src/rp2_common/pico_double/double_init_rom_rp2040.c.obj
                0x20000c40                sf_clz_func
 .bss.sf_table  0x20000c44      0x100 CMakeFiles/JogoMemoria.dir/C_/Users/paola/.pico-sdk/sdk/2.1.0/src/rp2_common/pico_float/float_init_rom_rp2040.c.obj
                0x20000c44                sf_table
 .bss.sleep_notifier
                0x20000d44        0x4 CMakeFiles/JogoMemoria.dir/C_/Users/paola/.pico-sdk/sdk/2.1.0/src/common/pico_time/time.c.obj
 .bss.uart_char_to_line_feed
                0x20000d48        0x4 CMakeFiles/JogoMemoria.dir/C_/Users/paola/.pico-sdk/sdk/2.1.0/src/rp2_common/hardware_uart/uart.c.obj
                0x20000d48                uart_char_to_line_feed
 .bss.uart_instance
                0x20000d4c        0x4 CMakeFiles/JogoMemoria.dir/C_/Users/paola/.pico-sdk/sdk/2.1.0/src/rp2_common/pico_stdio_uart/stdio_uart.c.obj
 .bss.irq_handler_chain_free_slot_head
                0x20000d50        0x1 CMakeFiles/JogoMemoria.dir/C_/Users/paola/.pico-sdk/sdk/2.1.0/src/rp2_common/hardware_irq/irq.c.obj
 *(COMMON)
                0x20000d54                        . = ALIGN (0x4)
 *fill*         0x20000d51        0x3 
                0x20000d54                        __bss_end__ = .

.heap           0x20000d54      0x800 load address 0x100068c0
                0x20000d54                        __end__ = .
                0x20000d54                        end = __end__
 *(.heap*)
 .heap          0x20000d54      0x800 CMakeFiles/JogoMemoria.dir/C_/Users/paola/.pico-sdk/sdk/2.1.0/src/rp2_common/pico_crt0/crt0.S.obj
                0x20040000                        __HeapLimit = (ORIGIN (RAM) + LENGTH (RAM))

.scratch_x      0x20040000        0x0 load address 0x100068c0
                0x20040000                        __scratch_x_start__ = .
 *(.scratch_x.*)
                0x20040000                        . = ALIGN (0x4)
                0x20040000                        __scratch_x_end__ = .
                0x100068c0                        __scratch_x_source__ = LOADADDR (.scratch_x)

.scratch_y      0x20041000        0x0 load address 0x100068c0
                0x20041000                        __scratch_y_start__ = .
 *(.scratch_y.*)
                0x20041000                        . = ALIGN (0x4)
                0x20041000                        __scratch_y_end__ = .
                0x100068c0                        __scratch_y_source__ = LOADADDR (.scratch_y)

.stack1_dummy
 *(.stack1*)

.stack_dummy    0x20041000      0x800
 *(.stack*)
 .stack         0x20041000      0x800 CMakeFiles/JogoMemoria.dir/C_/Users/paola/.pico-sdk/sdk/2.1.0/src/rp2_common/pico_crt0/crt0.S.obj

.flash_end      0x100068c0        0x0
 *(.embedded_end_block*)
                0x100068c0                        PROVIDE (__flash_binary_end = .)
                0x20040000                        __StackLimit = (ORIGIN (RAM) + LENGTH (RAM))
                0x20041000                        __StackOneTop = (ORIGIN (SCRATCH_X) + LENGTH (SCRATCH_X))
                0x20042000                        __StackTop = (ORIGIN (SCRATCH_Y) + LENGTH (SCRATCH_Y))
                0x20041000                        __StackOneBottom = (__StackOneTop - SIZEOF (.stack1_dummy))
                0x20041800                        __StackBottom = (__StackTop - SIZEOF (.stack_dummy))
                0x20042000                        PROVIDE (__stack = __StackTop)
                [!provide]                        PROVIDE (__heap_start = __end__)
                [!provide]                        PROVIDE (__heap_end = __HeapLimit)
                [!provide]                        PROVIDE (__tls_align = MAX (ALIGNOF (.tdata), ALIGNOF (.tbss)))
                [!provide]                        PROVIDE (__tls_size_align = (((__tls_size + __tls_align) - 0x1) & ~ ((__tls_align - 0x1))))
                [!provide]                        PROVIDE (__arm32_tls_tcb_offset = MAX (0x8, __tls_align))
                [!provide]                        PROVIDE (_end = __end__)
                [!provide]                        PROVIDE (__llvm_libc_heap_limit = __HeapLimit)
                0x00000001                        ASSERT ((__StackLimit >= __HeapLimit), region RAM overflowed)
                0x00000001                        ASSERT (((__binary_info_header_end - __logical_binary_start) <= 0x100), Binary info must be in first 256 bytes of the binary)
LOAD CMakeFiles/JogoMemoria.dir/JogoMemoria.c.obj
LOAD CMakeFiles/JogoMemoria.dir/lib/ssd1306.c.obj
LOAD CMakeFiles/JogoMemoria.dir/C_/Users/paola/.pico-sdk/sdk/2.1.0/src/rp2_common/pico_stdlib/stdlib.c.obj
LOAD CMakeFiles/JogoMemoria.dir/C_/Users/paola/.pico-sdk/sdk/2.1.0/src/rp2_common/hardware_gpio/gpio.c.obj
LOAD CMakeFiles/JogoMemoria.dir/C_/Users/paola/.pico-sdk/sdk/2.1.0/src/rp2040/pico_platform/platform.c.obj
LOAD CMakeFiles/JogoMemoria.dir/C_/Users/paola/.pico-sdk/sdk/2.1.0/src/rp2_common/pico_platform_panic/panic.c.obj
LOAD CMakeFiles/JogoMemoria.dir/C_/Users/paola/.pico-sdk/sdk/2.1.0/src/common/hardware_claim/claim.c.obj
LOAD CMakeFiles/JogoMemoria.dir/C_/Users/paola/.pico-sdk/sdk/2.1.0/src/rp2_common/hardware_sync/sync.c.obj
LOAD CMakeFiles/JogoMemoria.dir/C_/Users/paola/.pico-sdk/sdk/2.1.0/src/rp2_common/hardware_sync_spin_lock/sync_spin_lock.c.obj
LOAD CMakeFiles/JogoMemoria.dir/C_/Users/paola/.pico-sdk/sdk/2.1.0/src/rp2_common/hardware_irq/irq.c.obj
LOAD CMakeFiles/JogoMemoria.dir/C_/Users/paola/.pico-sdk/sdk/2.1.0/src/rp2_common/hardware_irq/irq_handler_chain.S.obj
LOAD CMakeFiles/JogoMemoria.dir/C_/Users/paola/.pico-sdk/sdk/2.1.0/src/common/pico_sync/sem.c.obj
LOAD CMakeFiles/JogoMemoria.dir/C_/Users/paola/.pico-sdk/sdk/2.1.0/src/common/pico_sync/lock_core.c.obj
LOAD CMakeFiles/JogoMemoria.dir/C_/Users/paola/.pico-sdk/sdk/2.1.0/src/common/pico_sync/mutex.c.obj
LOAD CMakeFiles/JogoMemoria.dir/C_/Users/paola/.pico-sdk/sdk/2.1.0/src/common/pico_sync/critical_section.c.obj
LOAD CMakeFiles/JogoMemoria.dir/C_/Users/paola/.pico-sdk/sdk/2.1.0/src/common/pico_time/time.c.obj
LOAD CMakeFiles/JogoMemoria.dir/C_/Users/paola/.pico-sdk/sdk/2.1.0/src/common/pico_time/timeout_helper.c.obj
LOAD CMakeFiles/JogoMemoria.dir/C_/Users/paola/.pico-sdk/sdk/2.1.0/src/rp2_common/hardware_timer/timer.c.obj
LOAD CMakeFiles/JogoMemoria.dir/C_/Users/paola/.pico-sdk/sdk/2.1.0/src/common/pico_util/datetime.c.obj
LOAD CMakeFiles/JogoMemoria.dir/C_/Users/paola/.pico-sdk/sdk/2.1.0/src/common/pico_util/pheap.c.obj
LOAD CMakeFiles/JogoMemoria.dir/C_/Users/paola/.pico-sdk/sdk/2.1.0/src/common/pico_util/queue.c.obj
LOAD CMakeFiles/JogoMemoria.dir/C_/Users/paola/.pico-sdk/sdk/2.1.0/src/rp2_common/hardware_uart/uart.c.obj
LOAD CMakeFiles/JogoMemoria.dir/C_/Users/paola/.pico-sdk/sdk/2.1.0/src/rp2_common/hardware_clocks/clocks.c.obj
LOAD CMakeFiles/JogoMemoria.dir/C_/Users/paola/.pico-sdk/sdk/2.1.0/src/rp2_common/hardware_pll/pll.c.obj
LOAD CMakeFiles/JogoMemoria.dir/C_/Users/paola/.pico-sdk/sdk/2.1.0/src/rp2_common/hardware_vreg/vreg.c.obj
LOAD CMakeFiles/JogoMemoria.dir/C_/Users/paola/.pico-sdk/sdk/2.1.0/src/rp2_common/hardware_watchdog/watchdog.c.obj
LOAD CMakeFiles/JogoMemoria.dir/C_/Users/paola/.pico-sdk/sdk/2.1.0/src/rp2_common/hardware_ticks/ticks.c.obj
LOAD CMakeFiles/JogoMemoria.dir/C_/Users/paola/.pico-sdk/sdk/2.1.0/src/rp2_common/pico_bootrom/bootrom.c.obj
LOAD CMakeFiles/JogoMemoria.dir/C_/Users/paola/.pico-sdk/sdk/2.1.0/src/rp2_common/pico_bootrom/bootrom_lock.c.obj
LOAD CMakeFiles/JogoMemoria.dir/C_/Users/paola/.pico-sdk/sdk/2.1.0/src/rp2_common/hardware_boot_lock/boot_lock.c.obj
LOAD CMakeFiles/JogoMemoria.dir/C_/Users/paola/.pico-sdk/sdk/2.1.0/src/rp2_common/pico_flash/flash.c.obj
LOAD CMakeFiles/JogoMemoria.dir/C_/Users/paola/.pico-sdk/sdk/2.1.0/src/rp2_common/hardware_xosc/xosc.c.obj
LOAD CMakeFiles/JogoMemoria.dir/C_/Users/paola/.pico-sdk/sdk/2.1.0/src/rp2_common/hardware_divider/divider.S.obj
LOAD CMakeFiles/JogoMemoria.dir/C_/Users/paola/.pico-sdk/sdk/2.1.0/src/rp2_common/pico_runtime/runtime.c.obj
LOAD CMakeFiles/JogoMemoria.dir/C_/Users/paola/.pico-sdk/sdk/2.1.0/src/rp2_common/pico_runtime_init/runtime_init.c.obj
LOAD CMakeFiles/JogoMemoria.dir/C_/Users/paola/.pico-sdk/sdk/2.1.0/src/rp2_common/pico_runtime_init/runtime_init_clocks.c.obj
LOAD CMakeFiles/JogoMemoria.dir/C_/Users/paola/.pico-sdk/sdk/2.1.0/src/rp2_common/pico_runtime_init/runtime_init_stack_guard.c.obj
LOAD CMakeFiles/JogoMemoria.dir/C_/Users/paola/.pico-sdk/sdk/2.1.0/src/rp2_common/pico_bit_ops/bit_ops_aeabi.S.obj
LOAD CMakeFiles/JogoMemoria.dir/C_/Users/paola/.pico-sdk/sdk/2.1.0/src/rp2_common/pico_divider/divider_hardware.S.obj
LOAD CMakeFiles/JogoMemoria.dir/C_/Users/paola/.pico-sdk/sdk/2.1.0/src/rp2_common/pico_double/double_aeabi_rp2040.S.obj
LOAD CMakeFiles/JogoMemoria.dir/C_/Users/paola/.pico-sdk/sdk/2.1.0/src/rp2_common/pico_double/double_init_rom_rp2040.c.obj
LOAD CMakeFiles/JogoMemoria.dir/C_/Users/paola/.pico-sdk/sdk/2.1.0/src/rp2_common/pico_double/double_math.c.obj
LOAD CMakeFiles/JogoMemoria.dir/C_/Users/paola/.pico-sdk/sdk/2.1.0/src/rp2_common/pico_double/double_v1_rom_shim_rp2040.S.obj
LOAD CMakeFiles/JogoMemoria.dir/C_/Users/paola/.pico-sdk/sdk/2.1.0/src/rp2_common/pico_int64_ops/pico_int64_ops_aeabi.S.obj
LOAD CMakeFiles/JogoMemoria.dir/C_/Users/paola/.pico-sdk/sdk/2.1.0/src/rp2_common/pico_float/float_aeabi_rp2040.S.obj
LOAD CMakeFiles/JogoMemoria.dir/C_/Users/paola/.pico-sdk/sdk/2.1.0/src/rp2_common/pico_float/float_init_rom_rp2040.c.obj
LOAD CMakeFiles/JogoMemoria.dir/C_/Users/paola/.pico-sdk/sdk/2.1.0/src/rp2_common/pico_float/float_math.c.obj
LOAD CMakeFiles/JogoMemoria.dir/C_/Users/paola/.pico-sdk/sdk/2.1.0/src/rp2_common/pico_float/float_v1_rom_shim_rp2040.S.obj
LOAD CMakeFiles/JogoMemoria.dir/C_/Users/paola/.pico-sdk/sdk/2.1.0/src/rp2_common/pico_malloc/malloc.c.obj
LOAD CMakeFiles/JogoMemoria.dir/C_/Users/paola/.pico-sdk/sdk/2.1.0/src/rp2_common/pico_mem_ops/mem_ops_aeabi.S.obj
LOAD CMakeFiles/JogoMemoria.dir/C_/Users/paola/.pico-sdk/sdk/2.1.0/src/rp2_common/pico_atomic/atomic.c.obj
LOAD CMakeFiles/JogoMemoria.dir/C_/Users/paola/.pico-sdk/sdk/2.1.0/src/rp2_common/pico_cxx_options/new_delete.cpp.obj
LOAD CMakeFiles/JogoMemoria.dir/C_/Users/paola/.pico-sdk/sdk/2.1.0/src/rp2_common/pico_standard_binary_info/standard_binary_info.c.obj
LOAD CMakeFiles/JogoMemoria.dir/C_/Users/paola/.pico-sdk/sdk/2.1.0/src/rp2_common/pico_printf/printf.c.obj
LOAD CMakeFiles/JogoMemoria.dir/C_/Users/paola/.pico-sdk/sdk/2.1.0/src/rp2_common/pico_crt0/crt0.S.obj
LOAD CMakeFiles/JogoMemoria.dir/C_/Users/paola/.pico-sdk/sdk/2.1.0/src/rp2_common/pico_clib_interface/newlib_interface.c.obj
LOAD CMakeFiles/JogoMemoria.dir/C_/Users/paola/.pico-sdk/sdk/2.1.0/src/rp2_common/pico_stdio/stdio.c.obj
LOAD CMakeFiles/JogoMemoria.dir/C_/Users/paola/.pico-sdk/sdk/2.1.0/src/rp2_common/pico_stdio_uart/stdio_uart.c.obj
LOAD CMakeFiles/JogoMemoria.dir/C_/Users/paola/.pico-sdk/sdk/2.1.0/src/rp2_common/hardware_i2c/i2c.c.obj
LOAD CMakeFiles/JogoMemoria.dir/C_/Users/paola/.pico-sdk/sdk/2.1.0/src/rp2_common/hardware_pio/pio.c.obj
LOAD CMakeFiles/JogoMemoria.dir/C_/Users/paola/.pico-sdk/sdk/2.1.0/src/rp2_common/hardware_adc/adc.c.obj
LOAD pico-sdk/src/rp2040/boot_stage2/CMakeFiles/bs2_default_library.dir/./bs2_default_padded_checksummed.S.obj
LOAD C:/Users/paola/.pico-sdk/toolchain/13_3_Rel1/bin/../lib/gcc/arm-none-eabi/13.3.1/thumb/v6-m/nofp\libstdc++.a
LOAD C:/Users/paola/.pico-sdk/toolchain/13_3_Rel1/bin/../lib/gcc/arm-none-eabi/13.3.1/thumb/v6-m/nofp\libm.a
START GROUP
LOAD C:/Users/paola/.pico-sdk/toolchain/13_3_Rel1/bin/../lib/gcc/arm-none-eabi/13.3.1/thumb/v6-m/nofp\libgcc.a
LOAD C:/Users/paola/.pico-sdk/toolchain/13_3_Rel1/bin/../lib/gcc/arm-none-eabi/13.3.1/thumb/v6-m/nofp\libg.a
LOAD C:/Users/paola/.pico-sdk/toolchain/13_3_Rel1/bin/../lib/gcc/arm-none-eabi/13.3.1/thumb/v6-m/nofp\libc.a
END GROUP
START GROUP
LOAD C:/Users/paola/.pico-sdk/toolchain/13_3_Rel1/bin/../lib/gcc/arm-none-eabi/13.3.1/thumb/v6-m/nofp\libgcc.a
LOAD C:/Users/paola/.pico-sdk/toolchain/13_3_Rel1/bin/../lib/gcc/arm-none-eabi/13.3.1/thumb/v6-m/nofp\libc.a
LOAD C:/Users/paola/.pico-sdk/toolchain/13_3_Rel1/bin/../lib/gcc/arm-none-eabi/13.3.1/thumb/v6-m/nofp\libnosys.a
END GROUP
LOAD C:/Users/paola/.pico-sdk/toolchain/13_3_Rel1/bin/../lib/gcc/arm-none-eabi/13.3.1/thumb/v6-m/nofp/crtend.o
LOAD C:/Users/paola/.pico-sdk/toolchain/13_3_Rel1/bin/../lib/gcc/arm-none-eabi/13.3.1/thumb/v6-m/nofp/crtn.o
OUTPUT(JogoMemoria.elf elf32-littlearm)
LOAD linker stubs

.ARM.attributes
                0x00000000       0x28
 .ARM.attributes
                0x00000000       0x1e C:/Users/paola/.pico-sdk/toolchain/13_3_Rel1/bin/../lib/gcc/arm-none-eabi/13.3.1/thumb/v6-m/nofp/crti.o
 .ARM.attributes
                0x0000001e       0x2c C:/Users/paola/.pico-sdk/toolchain/13_3_Rel1/bin/../lib/gcc/arm-none-eabi/13.3.1/thumb/v6-m/nofp/crtbegin.o
 .ARM.attributes
                0x0000004a       0x2c CMakeFiles/JogoMemoria.dir/JogoMemoria.c.obj
 .ARM.attributes
                0x00000076       0x2c CMakeFiles/JogoMemoria.dir/lib/ssd1306.c.obj
 .ARM.attributes
                0x000000a2       0x2c CMakeFiles/JogoMemoria.dir/C_/Users/paola/.pico-sdk/sdk/2.1.0/src/rp2_common/hardware_gpio/gpio.c.obj
 .ARM.attributes
                0x000000ce       0x2c CMakeFiles/JogoMemoria.dir/C_/Users/paola/.pico-sdk/sdk/2.1.0/src/rp2_common/pico_platform_panic/panic.c.obj
 .ARM.attributes
                0x000000fa       0x2c CMakeFiles/JogoMemoria.dir/C_/Users/paola/.pico-sdk/sdk/2.1.0/src/common/hardware_claim/claim.c.obj
 .ARM.attributes
                0x00000126       0x2c CMakeFiles/JogoMemoria.dir/C_/Users/paola/.pico-sdk/sdk/2.1.0/src/rp2_common/hardware_sync/sync.c.obj
 .ARM.attributes
                0x00000152       0x2c CMakeFiles/JogoMemoria.dir/C_/Users/paola/.pico-sdk/sdk/2.1.0/src/rp2_common/hardware_sync_spin_lock/sync_spin_lock.c.obj
 .ARM.attributes
                0x0000017e       0x2c CMakeFiles/JogoMemoria.dir/C_/Users/paola/.pico-sdk/sdk/2.1.0/src/rp2_common/hardware_irq/irq.c.obj
 .ARM.attributes
                0x000001aa       0x22 CMakeFiles/JogoMemoria.dir/C_/Users/paola/.pico-sdk/sdk/2.1.0/src/rp2_common/hardware_irq/irq_handler_chain.S.obj
 .ARM.attributes
                0x000001cc       0x2c CMakeFiles/JogoMemoria.dir/C_/Users/paola/.pico-sdk/sdk/2.1.0/src/common/pico_sync/lock_core.c.obj
 .ARM.attributes
                0x000001f8       0x2c CMakeFiles/JogoMemoria.dir/C_/Users/paola/.pico-sdk/sdk/2.1.0/src/common/pico_sync/mutex.c.obj
 .ARM.attributes
                0x00000224       0x2c CMakeFiles/JogoMemoria.dir/C_/Users/paola/.pico-sdk/sdk/2.1.0/src/common/pico_time/time.c.obj
 .ARM.attributes
                0x00000250       0x2c CMakeFiles/JogoMemoria.dir/C_/Users/paola/.pico-sdk/sdk/2.1.0/src/rp2_common/hardware_timer/timer.c.obj
 .ARM.attributes
                0x0000027c       0x2c CMakeFiles/JogoMemoria.dir/C_/Users/paola/.pico-sdk/sdk/2.1.0/src/rp2_common/hardware_uart/uart.c.obj
 .ARM.attributes
                0x000002a8       0x2c CMakeFiles/JogoMemoria.dir/C_/Users/paola/.pico-sdk/sdk/2.1.0/src/rp2_common/hardware_clocks/clocks.c.obj
 .ARM.attributes
                0x000002d4       0x2c CMakeFiles/JogoMemoria.dir/C_/Users/paola/.pico-sdk/sdk/2.1.0/src/rp2_common/hardware_pll/pll.c.obj
 .ARM.attributes
                0x00000300       0x2c CMakeFiles/JogoMemoria.dir/C_/Users/paola/.pico-sdk/sdk/2.1.0/src/rp2_common/hardware_ticks/ticks.c.obj
 .ARM.attributes
                0x0000032c       0x2c CMakeFiles/JogoMemoria.dir/C_/Users/paola/.pico-sdk/sdk/2.1.0/src/rp2_common/pico_bootrom/bootrom.c.obj
 .ARM.attributes
                0x00000358       0x2c CMakeFiles/JogoMemoria.dir/C_/Users/paola/.pico-sdk/sdk/2.1.0/src/rp2_common/hardware_xosc/xosc.c.obj
 .ARM.attributes
                0x00000384       0x2c CMakeFiles/JogoMemoria.dir/C_/Users/paola/.pico-sdk/sdk/2.1.0/src/rp2_common/pico_runtime/runtime.c.obj
 .ARM.attributes
                0x000003b0       0x2c CMakeFiles/JogoMemoria.dir/C_/Users/paola/.pico-sdk/sdk/2.1.0/src/rp2_common/pico_runtime_init/runtime_init.c.obj
 .ARM.attributes
                0x000003dc       0x2c CMakeFiles/JogoMemoria.dir/C_/Users/paola/.pico-sdk/sdk/2.1.0/src/rp2_common/pico_runtime_init/runtime_init_clocks.c.obj
 .ARM.attributes
                0x00000408       0x22 CMakeFiles/JogoMemoria.dir/C_/Users/paola/.pico-sdk/sdk/2.1.0/src/rp2_common/pico_bit_ops/bit_ops_aeabi.S.obj
 .ARM.attributes
                0x0000042a       0x22 CMakeFiles/JogoMemoria.dir/C_/Users/paola/.pico-sdk/sdk/2.1.0/src/rp2_common/pico_divider/divider_hardware.S.obj
 .ARM.attributes
                0x0000044c       0x22 CMakeFiles/JogoMemoria.dir/C_/Users/paola/.pico-sdk/sdk/2.1.0/src/rp2_common/pico_double/double_aeabi_rp2040.S.obj
 .ARM.attributes
                0x0000046e       0x2c CMakeFiles/JogoMemoria.dir/C_/Users/paola/.pico-sdk/sdk/2.1.0/src/rp2_common/pico_double/double_init_rom_rp2040.c.obj
 .ARM.attributes
                0x0000049a       0x22 CMakeFiles/JogoMemoria.dir/C_/Users/paola/.pico-sdk/sdk/2.1.0/src/rp2_common/pico_double/double_v1_rom_shim_rp2040.S.obj
 .ARM.attributes
                0x000004bc       0x22 CMakeFiles/JogoMemoria.dir/C_/Users/paola/.pico-sdk/sdk/2.1.0/src/rp2_common/pico_int64_ops/pico_int64_ops_aeabi.S.obj
 .ARM.attributes
                0x000004de       0x22 CMakeFiles/JogoMemoria.dir/C_/Users/paola/.pico-sdk/sdk/2.1.0/src/rp2_common/pico_float/float_aeabi_rp2040.S.obj
 .ARM.attributes
                0x00000500       0x2c CMakeFiles/JogoMemoria.dir/C_/Users/paola/.pico-sdk/sdk/2.1.0/src/rp2_common/pico_float/float_init_rom_rp2040.c.obj
 .ARM.attributes
                0x0000052c       0x2c CMakeFiles/JogoMemoria.dir/C_/Users/paola/.pico-sdk/sdk/2.1.0/src/rp2_common/pico_malloc/malloc.c.obj
 .ARM.attributes
                0x00000558       0x22 CMakeFiles/JogoMemoria.dir/C_/Users/paola/.pico-sdk/sdk/2.1.0/src/rp2_common/pico_mem_ops/mem_ops_aeabi.S.obj
 .ARM.attributes
                0x0000057a       0x2c CMakeFiles/JogoMemoria.dir/C_/Users/paola/.pico-sdk/sdk/2.1.0/src/rp2_common/pico_standard_binary_info/standard_binary_info.c.obj
 .ARM.attributes
                0x000005a6       0x2c CMakeFiles/JogoMemoria.dir/C_/Users/paola/.pico-sdk/sdk/2.1.0/src/rp2_common/pico_printf/printf.c.obj
 .ARM.attributes
                0x000005d2       0x22 CMakeFiles/JogoMemoria.dir/C_/Users/paola/.pico-sdk/sdk/2.1.0/src/rp2_common/pico_crt0/crt0.S.obj
 .ARM.attributes
                0x000005f4       0x2c CMakeFiles/JogoMemoria.dir/C_/Users/paola/.pico-sdk/sdk/2.1.0/src/rp2_common/pico_clib_interface/newlib_interface.c.obj
 .ARM.attributes
                0x00000620       0x2c CMakeFiles/JogoMemoria.dir/C_/Users/paola/.pico-sdk/sdk/2.1.0/src/rp2_common/pico_stdio/stdio.c.obj
 .ARM.attributes
                0x0000064c       0x2c CMakeFiles/JogoMemoria.dir/C_/Users/paola/.pico-sdk/sdk/2.1.0/src/rp2_common/pico_stdio_uart/stdio_uart.c.obj
 .ARM.attributes
                0x00000678       0x2c CMakeFiles/JogoMemoria.dir/C_/Users/paola/.pico-sdk/sdk/2.1.0/src/rp2_common/hardware_i2c/i2c.c.obj
 .ARM.attributes
                0x000006a4       0x2c CMakeFiles/JogoMemoria.dir/C_/Users/paola/.pico-sdk/sdk/2.1.0/src/rp2_common/hardware_pio/pio.c.obj
 .ARM.attributes
                0x000006d0       0x2c CMakeFiles/JogoMemoria.dir/C_/Users/paola/.pico-sdk/sdk/2.1.0/src/rp2_common/hardware_adc/adc.c.obj
 .ARM.attributes
                0x000006fc       0x22 pico-sdk/src/rp2040/boot_stage2/CMakeFiles/bs2_default_library.dir/./bs2_default_padded_checksummed.S.obj
 .ARM.attributes
                0x0000071e       0x1e C:/Users/paola/.pico-sdk/toolchain/13_3_Rel1/bin/../lib/gcc/arm-none-eabi/13.3.1/thumb/v6-m/nofp\libgcc.a(_dvmd_tls.o)
 .ARM.attributes
                0x0000073c       0x2c C:/Users/paola/.pico-sdk/toolchain/13_3_Rel1/bin/../lib/gcc/arm-none-eabi/13.3.1/thumb/v6-m/nofp\libg.a(libc_a-calloc.o)
 .ARM.attributes
                0x00000768       0x2c C:/Users/paola/.pico-sdk/toolchain/13_3_Rel1/bin/../lib/gcc/arm-none-eabi/13.3.1/thumb/v6-m/nofp\libg.a(libc_a-callocr.o)
 .ARM.attributes
                0x00000794       0x2c C:/Users/paola/.pico-sdk/toolchain/13_3_Rel1/bin/../lib/gcc/arm-none-eabi/13.3.1/thumb/v6-m/nofp\libg.a(libc_a-mallocr.o)
 .ARM.attributes
                0x000007c0       0x2c C:/Users/paola/.pico-sdk/toolchain/13_3_Rel1/bin/../lib/gcc/arm-none-eabi/13.3.1/thumb/v6-m/nofp\libg.a(libc_a-mlock.o)
 .ARM.attributes
                0x000007ec       0x2c C:/Users/paola/.pico-sdk/toolchain/13_3_Rel1/bin/../lib/gcc/arm-none-eabi/13.3.1/thumb/v6-m/nofp\libg.a(libc_a-rand.o)
 .ARM.attributes
                0x00000818       0x2c C:/Users/paola/.pico-sdk/toolchain/13_3_Rel1/bin/../lib/gcc/arm-none-eabi/13.3.1/thumb/v6-m/nofp\libg.a(libc_a-impure.o)
 .ARM.attributes
                0x00000844       0x2c C:/Users/paola/.pico-sdk/toolchain/13_3_Rel1/bin/../lib/gcc/arm-none-eabi/13.3.1/thumb/v6-m/nofp\libg.a(libc_a-sbrkr.o)
 .ARM.attributes
                0x00000870       0x2c C:/Users/paola/.pico-sdk/toolchain/13_3_Rel1/bin/../lib/gcc/arm-none-eabi/13.3.1/thumb/v6-m/nofp\libg.a(libc_a-errno.o)
 .ARM.attributes
                0x0000089c       0x2c C:/Users/paola/.pico-sdk/toolchain/13_3_Rel1/bin/../lib/gcc/arm-none-eabi/13.3.1/thumb/v6-m/nofp\libg.a(libc_a-lock.o)
 .ARM.attributes
                0x000008c8       0x2c C:/Users/paola/.pico-sdk/toolchain/13_3_Rel1/bin/../lib/gcc/arm-none-eabi/13.3.1/thumb/v6-m/nofp\libg.a(libc_a-sysconf.o)
 .ARM.attributes
                0x000008f4       0x2c C:/Users/paola/.pico-sdk/toolchain/13_3_Rel1/bin/../lib/gcc/arm-none-eabi/13.3.1/thumb/v6-m/nofp\libg.a(libc_a-strlen-stub.o)
 .ARM.attributes
                0x00000920       0x2c C:/Users/paola/.pico-sdk/toolchain/13_3_Rel1/bin/../lib/gcc/arm-none-eabi/13.3.1/thumb/v6-m/nofp\libg.a(libc_a-freer.o)
 .ARM.attributes
                0x0000094c       0x2c C:/Users/paola/.pico-sdk/toolchain/13_3_Rel1/bin/../lib/gcc/arm-none-eabi/13.3.1/thumb/v6-m/nofp\libg.a(libc_a-findfp.o)
 .ARM.attributes
                0x00000978       0x2c C:/Users/paola/.pico-sdk/toolchain/13_3_Rel1/bin/../lib/gcc/arm-none-eabi/13.3.1/thumb/v6-m/nofp\libg.a(libc_a-reent.o)
 .ARM.attributes
                0x000009a4       0x2c C:/Users/paola/.pico-sdk/toolchain/13_3_Rel1/bin/../lib/gcc/arm-none-eabi/13.3.1/thumb/v6-m/nofp/crtend.o

.comment        0x00000000       0x45
 .comment       0x00000000       0x45 CMakeFiles/JogoMemoria.dir/JogoMemoria.c.obj
                                 0x46 (size before relaxing)
 .comment       0x00000045       0x46 CMakeFiles/JogoMemoria.dir/lib/ssd1306.c.obj
 .comment       0x00000045       0x46 CMakeFiles/JogoMemoria.dir/C_/Users/paola/.pico-sdk/sdk/2.1.0/src/rp2_common/hardware_gpio/gpio.c.obj
 .comment       0x00000045       0x46 CMakeFiles/JogoMemoria.dir/C_/Users/paola/.pico-sdk/sdk/2.1.0/src/rp2_common/pico_platform_panic/panic.c.obj
 .comment       0x00000045       0x46 CMakeFiles/JogoMemoria.dir/C_/Users/paola/.pico-sdk/sdk/2.1.0/src/common/hardware_claim/claim.c.obj
 .comment       0x00000045       0x46 CMakeFiles/JogoMemoria.dir/C_/Users/paola/.pico-sdk/sdk/2.1.0/src/rp2_common/hardware_sync/sync.c.obj
 .comment       0x00000045       0x46 CMakeFiles/JogoMemoria.dir/C_/Users/paola/.pico-sdk/sdk/2.1.0/src/rp2_common/hardware_sync_spin_lock/sync_spin_lock.c.obj
 .comment       0x00000045       0x46 CMakeFiles/JogoMemoria.dir/C_/Users/paola/.pico-sdk/sdk/2.1.0/src/rp2_common/hardware_irq/irq.c.obj
 .comment       0x00000045       0x46 CMakeFiles/JogoMemoria.dir/C_/Users/paola/.pico-sdk/sdk/2.1.0/src/common/pico_sync/lock_core.c.obj
 .comment       0x00000045       0x46 CMakeFiles/JogoMemoria.dir/C_/Users/paola/.pico-sdk/sdk/2.1.0/src/common/pico_sync/mutex.c.obj
 .comment       0x00000045       0x46 CMakeFiles/JogoMemoria.dir/C_/Users/paola/.pico-sdk/sdk/2.1.0/src/common/pico_time/time.c.obj
 .comment       0x00000045       0x46 CMakeFiles/JogoMemoria.dir/C_/Users/paola/.pico-sdk/sdk/2.1.0/src/rp2_common/hardware_timer/timer.c.obj
 .comment       0x00000045       0x46 CMakeFiles/JogoMemoria.dir/C_/Users/paola/.pico-sdk/sdk/2.1.0/src/rp2_common/hardware_uart/uart.c.obj
 .comment       0x00000045       0x46 CMakeFiles/JogoMemoria.dir/C_/Users/paola/.pico-sdk/sdk/2.1.0/src/rp2_common/hardware_clocks/clocks.c.obj
 .comment       0x00000045       0x46 CMakeFiles/JogoMemoria.dir/C_/Users/paola/.pico-sdk/sdk/2.1.0/src/rp2_common/hardware_pll/pll.c.obj
 .comment       0x00000045       0x46 CMakeFiles/JogoMemoria.dir/C_/Users/paola/.pico-sdk/sdk/2.1.0/src/rp2_common/hardware_ticks/ticks.c.obj
 .comment       0x00000045       0x46 CMakeFiles/JogoMemoria.dir/C_/Users/paola/.pico-sdk/sdk/2.1.0/src/rp2_common/pico_bootrom/bootrom.c.obj
 .comment       0x00000045       0x46 CMakeFiles/JogoMemoria.dir/C_/Users/paola/.pico-sdk/sdk/2.1.0/src/rp2_common/hardware_xosc/xosc.c.obj
 .comment       0x00000045       0x46 CMakeFiles/JogoMemoria.dir/C_/Users/paola/.pico-sdk/sdk/2.1.0/src/rp2_common/pico_runtime/runtime.c.obj
 .comment       0x00000045       0x46 CMakeFiles/JogoMemoria.dir/C_/Users/paola/.pico-sdk/sdk/2.1.0/src/rp2_common/pico_runtime_init/runtime_init.c.obj
 .comment       0x00000045       0x46 CMakeFiles/JogoMemoria.dir/C_/Users/paola/.pico-sdk/sdk/2.1.0/src/rp2_common/pico_runtime_init/runtime_init_clocks.c.obj
 .comment       0x00000045       0x46 CMakeFiles/JogoMemoria.dir/C_/Users/paola/.pico-sdk/sdk/2.1.0/src/rp2_common/pico_double/double_init_rom_rp2040.c.obj
 .comment       0x00000045       0x46 CMakeFiles/JogoMemoria.dir/C_/Users/paola/.pico-sdk/sdk/2.1.0/src/rp2_common/pico_float/float_init_rom_rp2040.c.obj
 .comment       0x00000045       0x46 CMakeFiles/JogoMemoria.dir/C_/Users/paola/.pico-sdk/sdk/2.1.0/src/rp2_common/pico_malloc/malloc.c.obj
 .comment       0x00000045       0x46 CMakeFiles/JogoMemoria.dir/C_/Users/paola/.pico-sdk/sdk/2.1.0/src/rp2_common/pico_standard_binary_info/standard_binary_info.c.obj
 .comment       0x00000045       0x46 CMakeFiles/JogoMemoria.dir/C_/Users/paola/.pico-sdk/sdk/2.1.0/src/rp2_common/pico_printf/printf.c.obj
 .comment       0x00000045       0x46 CMakeFiles/JogoMemoria.dir/C_/Users/paola/.pico-sdk/sdk/2.1.0/src/rp2_common/pico_clib_interface/newlib_interface.c.obj
 .comment       0x00000045       0x46 CMakeFiles/JogoMemoria.dir/C_/Users/paola/.pico-sdk/sdk/2.1.0/src/rp2_common/pico_stdio/stdio.c.obj
 .comment       0x00000045       0x46 CMakeFiles/JogoMemoria.dir/C_/Users/paola/.pico-sdk/sdk/2.1.0/src/rp2_common/pico_stdio_uart/stdio_uart.c.obj
 .comment       0x00000045       0x46 CMakeFiles/JogoMemoria.dir/C_/Users/paola/.pico-sdk/sdk/2.1.0/src/rp2_common/hardware_i2c/i2c.c.obj
 .comment       0x00000045       0x46 CMakeFiles/JogoMemoria.dir/C_/Users/paola/.pico-sdk/sdk/2.1.0/src/rp2_common/hardware_pio/pio.c.obj
 .comment       0x00000045       0x46 CMakeFiles/JogoMemoria.dir/C_/Users/paola/.pico-sdk/sdk/2.1.0/src/rp2_common/hardware_adc/adc.c.obj

.debug_info     0x00000000    0x2886a
 .debug_info    0x00000000     0x57b7 CMakeFiles/JogoMemoria.dir/JogoMemoria.c.obj
 .debug_info    0x000057b7     0x1c79 CMakeFiles/JogoMemoria.dir/lib/ssd1306.c.obj
 .debug_info    0x00007430     0x2437 CMakeFiles/JogoMemoria.dir/C_/Users/paola/.pico-sdk/sdk/2.1.0/src/rp2_common/hardware_gpio/gpio.c.obj
 .debug_info    0x00009867      0x1bf CMakeFiles/JogoMemoria.dir/C_/Users/paola/.pico-sdk/sdk/2.1.0/src/rp2_common/pico_platform_panic/panic.c.obj
 .debug_info    0x00009a26      0x995 CMakeFiles/JogoMemoria.dir/C_/Users/paola/.pico-sdk/sdk/2.1.0/src/common/hardware_claim/claim.c.obj
 .debug_info    0x0000a3bb      0x458 CMakeFiles/JogoMemoria.dir/C_/Users/paola/.pico-sdk/sdk/2.1.0/src/rp2_common/hardware_sync/sync.c.obj
 .debug_info    0x0000a813      0x245 CMakeFiles/JogoMemoria.dir/C_/Users/paola/.pico-sdk/sdk/2.1.0/src/rp2_common/hardware_sync_spin_lock/sync_spin_lock.c.obj
 .debug_info    0x0000aa58     0x21a8 CMakeFiles/JogoMemoria.dir/C_/Users/paola/.pico-sdk/sdk/2.1.0/src/rp2_common/hardware_irq/irq.c.obj
 .debug_info    0x0000cc00      0x15f CMakeFiles/JogoMemoria.dir/C_/Users/paola/.pico-sdk/sdk/2.1.0/src/common/pico_sync/lock_core.c.obj
 .debug_info    0x0000cd5f     0x2803 CMakeFiles/JogoMemoria.dir/C_/Users/paola/.pico-sdk/sdk/2.1.0/src/common/pico_sync/mutex.c.obj
 .debug_info    0x0000f562     0x485e CMakeFiles/JogoMemoria.dir/C_/Users/paola/.pico-sdk/sdk/2.1.0/src/common/pico_time/time.c.obj
 .debug_info    0x00013dc0     0x2b11 CMakeFiles/JogoMemoria.dir/C_/Users/paola/.pico-sdk/sdk/2.1.0/src/rp2_common/hardware_timer/timer.c.obj
 .debug_info    0x000168d1     0x195f CMakeFiles/JogoMemoria.dir/C_/Users/paola/.pico-sdk/sdk/2.1.0/src/rp2_common/hardware_uart/uart.c.obj
 .debug_info    0x00018230     0x2935 CMakeFiles/JogoMemoria.dir/C_/Users/paola/.pico-sdk/sdk/2.1.0/src/rp2_common/hardware_clocks/clocks.c.obj
 .debug_info    0x0001ab65      0x4e5 CMakeFiles/JogoMemoria.dir/C_/Users/paola/.pico-sdk/sdk/2.1.0/src/rp2_common/hardware_pll/pll.c.obj
 .debug_info    0x0001b04a      0x248 CMakeFiles/JogoMemoria.dir/C_/Users/paola/.pico-sdk/sdk/2.1.0/src/rp2_common/hardware_ticks/ticks.c.obj
 .debug_info    0x0001b292      0x633 CMakeFiles/JogoMemoria.dir/C_/Users/paola/.pico-sdk/sdk/2.1.0/src/rp2_common/pico_bootrom/bootrom.c.obj
 .debug_info    0x0001b8c5      0x1cc CMakeFiles/JogoMemoria.dir/C_/Users/paola/.pico-sdk/sdk/2.1.0/src/rp2_common/hardware_xosc/xosc.c.obj
 .debug_info    0x0001ba91      0x21a CMakeFiles/JogoMemoria.dir/C_/Users/paola/.pico-sdk/sdk/2.1.0/src/rp2_common/pico_runtime/runtime.c.obj
 .debug_info    0x0001bcab      0x795 CMakeFiles/JogoMemoria.dir/C_/Users/paola/.pico-sdk/sdk/2.1.0/src/rp2_common/pico_runtime_init/runtime_init.c.obj
 .debug_info    0x0001c440      0x780 CMakeFiles/JogoMemoria.dir/C_/Users/paola/.pico-sdk/sdk/2.1.0/src/rp2_common/pico_runtime_init/runtime_init_clocks.c.obj
 .debug_info    0x0001cbc0       0x23 CMakeFiles/JogoMemoria.dir/C_/Users/paola/.pico-sdk/sdk/2.1.0/src/rp2_common/pico_bit_ops/bit_ops_aeabi.S.obj
 .debug_info    0x0001cbe3       0x23 CMakeFiles/JogoMemoria.dir/C_/Users/paola/.pico-sdk/sdk/2.1.0/src/rp2_common/pico_divider/divider_hardware.S.obj
 .debug_info    0x0001cc06       0x23 CMakeFiles/JogoMemoria.dir/C_/Users/paola/.pico-sdk/sdk/2.1.0/src/rp2_common/pico_double/double_aeabi_rp2040.S.obj
 .debug_info    0x0001cc29      0x2d0 CMakeFiles/JogoMemoria.dir/C_/Users/paola/.pico-sdk/sdk/2.1.0/src/rp2_common/pico_double/double_init_rom_rp2040.c.obj
 .debug_info    0x0001cef9       0x24 CMakeFiles/JogoMemoria.dir/C_/Users/paola/.pico-sdk/sdk/2.1.0/src/rp2_common/pico_double/double_v1_rom_shim_rp2040.S.obj
 .debug_info    0x0001cf1d       0x24 CMakeFiles/JogoMemoria.dir/C_/Users/paola/.pico-sdk/sdk/2.1.0/src/rp2_common/pico_int64_ops/pico_int64_ops_aeabi.S.obj
 .debug_info    0x0001cf41       0x23 CMakeFiles/JogoMemoria.dir/C_/Users/paola/.pico-sdk/sdk/2.1.0/src/rp2_common/pico_float/float_aeabi_rp2040.S.obj
 .debug_info    0x0001cf64      0x2bc CMakeFiles/JogoMemoria.dir/C_/Users/paola/.pico-sdk/sdk/2.1.0/src/rp2_common/pico_float/float_init_rom_rp2040.c.obj
 .debug_info    0x0001d220      0x3e4 CMakeFiles/JogoMemoria.dir/C_/Users/paola/.pico-sdk/sdk/2.1.0/src/rp2_common/pico_malloc/malloc.c.obj
 .debug_info    0x0001d604       0x23 CMakeFiles/JogoMemoria.dir/C_/Users/paola/.pico-sdk/sdk/2.1.0/src/rp2_common/pico_mem_ops/mem_ops_aeabi.S.obj
 .debug_info    0x0001d627      0x2b8 CMakeFiles/JogoMemoria.dir/C_/Users/paola/.pico-sdk/sdk/2.1.0/src/rp2_common/pico_standard_binary_info/standard_binary_info.c.obj
 .debug_info    0x0001d8df     0x211a CMakeFiles/JogoMemoria.dir/C_/Users/paola/.pico-sdk/sdk/2.1.0/src/rp2_common/pico_printf/printf.c.obj
 .debug_info    0x0001f9f9       0x23 CMakeFiles/JogoMemoria.dir/C_/Users/paola/.pico-sdk/sdk/2.1.0/src/rp2_common/pico_crt0/crt0.S.obj
 .debug_info    0x0001fa1c      0xb54 CMakeFiles/JogoMemoria.dir/C_/Users/paola/.pico-sdk/sdk/2.1.0/src/rp2_common/pico_clib_interface/newlib_interface.c.obj
 .debug_info    0x00020570     0x1cdd CMakeFiles/JogoMemoria.dir/C_/Users/paola/.pico-sdk/sdk/2.1.0/src/rp2_common/pico_stdio/stdio.c.obj
 .debug_info    0x0002224d     0x14e7 CMakeFiles/JogoMemoria.dir/C_/Users/paola/.pico-sdk/sdk/2.1.0/src/rp2_common/pico_stdio_uart/stdio_uart.c.obj
 .debug_info    0x00023734     0x1ccc CMakeFiles/JogoMemoria.dir/C_/Users/paola/.pico-sdk/sdk/2.1.0/src/rp2_common/hardware_i2c/i2c.c.obj
 .debug_info    0x00025400     0x306e CMakeFiles/JogoMemoria.dir/C_/Users/paola/.pico-sdk/sdk/2.1.0/src/rp2_common/hardware_pio/pio.c.obj
 .debug_info    0x0002846e      0x3fc CMakeFiles/JogoMemoria.dir/C_/Users/paola/.pico-sdk/sdk/2.1.0/src/rp2_common/hardware_adc/adc.c.obj

.debug_abbrev   0x00000000     0x661c
 .debug_abbrev  0x00000000      0x65f CMakeFiles/JogoMemoria.dir/JogoMemoria.c.obj
 .debug_abbrev  0x0000065f      0x2f8 CMakeFiles/JogoMemoria.dir/lib/ssd1306.c.obj
 .debug_abbrev  0x00000957      0x4f9 CMakeFiles/JogoMemoria.dir/C_/Users/paola/.pico-sdk/sdk/2.1.0/src/rp2_common/hardware_gpio/gpio.c.obj
 .debug_abbrev  0x00000e50      0x12b CMakeFiles/JogoMemoria.dir/C_/Users/paola/.pico-sdk/sdk/2.1.0/src/rp2_common/pico_platform_panic/panic.c.obj
 .debug_abbrev  0x00000f7b      0x33b CMakeFiles/JogoMemoria.dir/C_/Users/paola/.pico-sdk/sdk/2.1.0/src/common/hardware_claim/claim.c.obj
 .debug_abbrev  0x000012b6      0x20d CMakeFiles/JogoMemoria.dir/C_/Users/paola/.pico-sdk/sdk/2.1.0/src/rp2_common/hardware_sync/sync.c.obj
 .debug_abbrev  0x000014c3      0x1bb CMakeFiles/JogoMemoria.dir/C_/Users/paola/.pico-sdk/sdk/2.1.0/src/rp2_common/hardware_sync_spin_lock/sync_spin_lock.c.obj
 .debug_abbrev  0x0000167e      0x5ff CMakeFiles/JogoMemoria.dir/C_/Users/paola/.pico-sdk/sdk/2.1.0/src/rp2_common/hardware_irq/irq.c.obj
 .debug_abbrev  0x00001c7d       0xee CMakeFiles/JogoMemoria.dir/C_/Users/paola/.pico-sdk/sdk/2.1.0/src/common/pico_sync/lock_core.c.obj